Archive member included to satisfy reference by file (symbol)

D:/devkitPro/libnx/lib\libnx.a(applet.o)
                              main.o (appletMainLoop)
D:/devkitPro/libnx/lib\libnx.a(hosversion.o)
                              D:/devkitPro/libnx/lib\libnx.a(applet.o) (hosversionGet)
D:/devkitPro/libnx/lib\libnx.a(env.o)
                              D:/devkitPro/libnx/lib\libnx.a(applet.o) (envIsNso)
D:/devkitPro/libnx/lib\libnx.a(pad.o)
                              main.o (padConfigureInput)
D:/devkitPro/libnx/lib\libnx.a(diag.o)
                              D:/devkitPro/libnx/lib\libnx.a(applet.o) (diagAbortWithResult)
D:/devkitPro/libnx/lib\libnx.a(console.o)
                              main.o (consoleInit)
D:/devkitPro/libnx/lib\libnx.a(console_sw.o)
                              D:/devkitPro/libnx/lib\libnx.a(console.o) (getDefaultConsoleRenderer)
D:/devkitPro/libnx/lib\libnx.a(svc.o)
                              D:/devkitPro/libnx/lib\libnx.a(applet.o) (svcExitProcess)
D:/devkitPro/libnx/lib\libnx.a(switch_crt0.o)
                              (_start)
D:/devkitPro/libnx/lib\libnx.a(default_font.bin.o)
                              D:/devkitPro/libnx/lib\libnx.a(console.o) (default_font_bin)
D:/devkitPro/libnx/lib\libnx.a(wait.o)
                              D:/devkitPro/libnx/lib\libnx.a(applet.o) (waitObjects)
D:/devkitPro/libnx/lib\libnx.a(tmem.o)
                              D:/devkitPro/libnx/lib\libnx.a(applet.o) (tmemCreate)
D:/devkitPro/libnx/lib\libnx.a(mutex.o)
                              D:/devkitPro/libnx/lib\libnx.a(applet.o) (mutexLock)
D:/devkitPro/libnx/lib\libnx.a(virtmem.o)
                              D:/devkitPro/libnx/lib\libnx.a(tmem.o) (virtmemLock)
D:/devkitPro/libnx/lib\libnx.a(event.o)
                              D:/devkitPro/libnx/lib\libnx.a(applet.o) (eventLoadRemote)
D:/devkitPro/libnx/lib\libnx.a(random.o)
                              D:/devkitPro/libnx/lib\libnx.a(virtmem.o) (randomGet64)
D:/devkitPro/libnx/lib\libnx.a(apm.o)
                              D:/devkitPro/libnx/lib\libnx.a(applet.o) (apmInitialize)
D:/devkitPro/libnx/lib\libnx.a(sm.o)
                              D:/devkitPro/libnx/lib\libnx.a(env.o) (smAddOverrideHandle)
D:/devkitPro/libnx/lib\libnx.a(hid.o)
                              D:/devkitPro/libnx/lib\libnx.a(pad.o) (hidGetNpadStyleSet)
D:/devkitPro/libnx/lib\libnx.a(framebuffer.o)
                              D:/devkitPro/libnx/lib\libnx.a(console_sw.o) (framebufferMakeLinear)
D:/devkitPro/libnx/lib\libnx.a(default_window.o)
                              D:/devkitPro/libnx/lib\libnx.a(console_sw.o) (nwindowGetDefault)
D:/devkitPro/libnx/lib\libnx.a(native_window.o)
                              D:/devkitPro/libnx/lib\libnx.a(framebuffer.o) (nwindowIsValid)
D:/devkitPro/libnx/lib\libnx.a(dynamic.o)
                              D:/devkitPro/libnx/lib\libnx.a(switch_crt0.o) (__nx_dynamic)
D:/devkitPro/libnx/lib\libnx.a(init.o)
                              D:/devkitPro/libnx/lib\libnx.a(switch_crt0.o) (__libnx_init)
D:/devkitPro/libnx/lib\libnx.a(alloc.o)
                              D:/devkitPro/libnx/lib\libnx.a(virtmem.o) (__libnx_alloc)
D:/devkitPro/libnx/lib\libnx.a(newlib.o)
                              D:/devkitPro/libnx/lib\libnx.a(init.o) (__libnx_init_time)
D:/devkitPro/libnx/lib\libnx.a(argv.o)
                              D:/devkitPro/libnx/lib\libnx.a(init.o) (argvSetup)
D:/devkitPro/libnx/lib\libnx.a(fs_dev.o)
                              D:/devkitPro/libnx/lib\libnx.a(init.o) (fsdevMountSdmc)
D:/devkitPro/libnx/lib\libnx.a(decode_utf8.o)
                              D:/devkitPro/libnx/lib\libnx.a(fs_dev.o) (decode_utf8)
D:/devkitPro/libnx/lib\libnx.a(cache.o)
                              D:/devkitPro/libnx/lib\libnx.a(framebuffer.o) (armDCacheFlush)
D:/devkitPro/libnx/lib\libnx.a(exception.o)
                              D:/devkitPro/libnx/lib\libnx.a(switch_crt0.o) (__libnx_exception_entry)
D:/devkitPro/libnx/lib\libnx.a(readtp.o)
                              D:/devkitPro/libnx/lib\libnx.a(fs_dev.o) (__aarch64_read_tp)
D:/devkitPro/libnx/lib\libnx.a(shmem.o)
                              D:/devkitPro/libnx/lib\libnx.a(hid.o) (shmemLoadRemote)
D:/devkitPro/libnx/lib\libnx.a(condvar.o)
                              D:/devkitPro/libnx/lib\libnx.a(newlib.o) (condvarWaitTimeout)
D:/devkitPro/libnx/lib\libnx.a(thread.o)
                              D:/devkitPro/libnx/lib\libnx.a(init.o) (__libnx_init_thread)
D:/devkitPro/libnx/lib\libnx.a(vi.o)
                              D:/devkitPro/libnx/lib\libnx.a(default_window.o) (viInitialize)
D:/devkitPro/libnx/lib\libnx.a(set.o)
                              D:/devkitPro/libnx/lib\libnx.a(init.o) (setsysInitialize)
D:/devkitPro/libnx/lib\libnx.a(fs.o)
                              D:/devkitPro/libnx/lib\libnx.a(init.o) (fsInitialize)
D:/devkitPro/libnx/lib\libnx.a(nv.o)
                              D:/devkitPro/libnx/lib\libnx.a(framebuffer.o) (nvInitialize)
[...]
Memory Configuration

Name             Origin             Length             Attributes
*default*        0x0000000000000000 0xffffffffffffffff

Linker script and memory map

                0x0000000000000000                PROVIDE (__start__ = 0x0)
                0x0000000000000000                . = __start__
                0x0000000000000000                __code_start = .

.crt0           0x0000000000000000      0x140
 *(.crt0)
 .crt0          0x0000000000000000      0x140 D:/devkitPro/libnx/lib\libnx.a(switch_crt0.o)
                0x0000000000000000                _start
                0x0000000000000108                __nx_exit
                0x0000000000000118                __nx_mod0
                0x0000000000000140                . = ALIGN (0x8)

.init           0x0000000000000140       0x38
 *(.init)
 .init          0x0000000000000140       0x18 d:/devkitpro/devkita64/bin/../lib/gcc/aarch64-none-elf/11.2.0/pic/crti.o
                0x0000000000000140                _init
 .init          0x0000000000000158       0x1c d:/devkitpro/devkita64/bin/../lib/gcc/aarch64-none-elf/11.2.0/pic/crtn.o
                0x0000000000000178                . = ALIGN (0x8)
 *fill*         0x0000000000000174        0x4 

.plt            0x0000000000000178        0x0
 *(.plt)
 .plt           0x0000000000000178        0x0 d:/devkitpro/devkita64/bin/../lib/gcc/aarch64-none-elf/11.2.0/pic/crti.o
 *(.iplt)
                0x0000000000000178                . = ALIGN (0x8)

.text           0x0000000000000180    0x2add0
 *(.text.unlikely .text.*_unlikely .text.unlikely.*)
 *(.text.exit .text.exit.*)
 .text.exit     0x0000000000000180       0x38 d:/devkitpro/devkita64/bin/../lib/gcc/aarch64-none-elf/11.2.0/../../../../aarch64-none-elf/lib/pic\libg.a(lib_a-exit.o)
                0x0000000000000180                exit
 *(.text.startup .text.startup.*)
 *fill*         0x00000000000001b8        0x8 
 .text.startup.main
                0x00000000000001c0       0x84 main.o
                0x00000000000001c0                main
 *(.text.hot .text.hot.*)
 *(.text .stub .text.* .gnu.linkonce.t.*)
 *fill*         0x0000000000000244        0xc 
 .text.__do_global_dtors_aux
                0x0000000000000250       0x44 d:/devkitpro/devkita64/bin/../lib/gcc/aarch64-none-elf/11.2.0/pic/crtbegin.o
 *fill*         0x0000000000000294        0xc 
 .text.frame_dummy
                0x00000000000002a0       0x24 d:/devkitpro/devkita64/bin/../lib/gcc/aarch64-none-elf/11.2.0/pic/crtbegin.o
 *fill*         0x00000000000002c4        0xc 
 .text._appletInfiniteSleepLoop
                0x00000000000002d0       0x24 D:/devkitPro/libnx/lib\libnx.a(applet.o)
 *fill*         0x00000000000002f4        0xc 
 .text._appletCmdGetSession
                0x0000000000000300      0x108 D:/devkitPro/libnx/lib\libnx.a(applet.o)
 *fill*         0x0000000000000408        0x8 
 .text._appletCmdInU8NoOut
                0x0000000000000410       0xcc D:/devkitPro/libnx/lib\libnx.a(applet.o)
 *fill*         0x00000000000004dc        0x4 
 .text._appletGetLaunchReason
                0x00000000000004e0      0x104 D:/devkitPro/libnx/lib\libnx.a(applet.o)
 *fill*         0x00000000000005e4        0xc 
 .text._appletSetFocusHandlingMode
                0x00000000000005f0       0xe4 D:/devkitPro/libnx/lib\libnx.a(applet.o)
 *fill*         0x00000000000006d4        0xc 
 .text._appletCmdInU32NoOut
                0x00000000000006e0       0xcc D:/devkitPro/libnx/lib\libnx.a(applet.o)
 *fill*         0x00000000000007ac        0x4 
 .text._appletGetSessionProxy.constprop.0
                0x00000000000007b0      0x138 D:/devkitPro/libnx/lib\libnx.a(applet.o)
 *fill*         0x00000000000008e8        0x8 
 .text._appletOpenLibraryAppletProxy.constprop.0
                0x00000000000008f0      0x154 D:/devkitPro/libnx/lib\libnx.a(applet.o)
 *fill*         0x0000000000000a44        0xc 
 .text._appletCmdGetHandle.constprop.0.isra.0
                0x0000000000000a50       0xd0 D:/devkitPro/libnx/lib\libnx.a(applet.o)
 .text._appletCmdNoInOutU8.isra.0
                0x0000000000000b20       0xd4 D:/devkitPro/libnx/lib\libnx.a(applet.o)
 *fill*         0x0000000000000bf4        0xc 
 .text._appletCmdNoInOutU32.isra.0
                0x0000000000000c00       0xd4 D:/devkitPro/libnx/lib\libnx.a(applet.o)
 *fill*         0x0000000000000cd4        0xc 
 .text._appletCmdNoInOutU64.isra.0
                0x0000000000000ce0       0xd4 D:/devkitPro/libnx/lib\libnx.a(applet.o)
 *fill*         0x0000000000000db4        0xc 
 .text._appletCmdNoIO.isra.0
                0x0000000000000dc0       0xc0 D:/devkitPro/libnx/lib\libnx.a(applet.o)
 .text.appletGetAppletType
                0x0000000000000e80       0x10 D:/devkitPro/libnx/lib\libnx.a(applet.o)
                0x0000000000000e80                appletGetAppletType
 .text.appletSetFocusHandlingMode
                0x0000000000000e90      0x118 D:/devkitPro/libnx/lib\libnx.a(applet.o)
                0x0000000000000e90                appletSetFocusHandlingMode
 *fill*         0x0000000000000fa8        0x8 
 .text.appletSetCpuBoostMode
                0x0000000000000fb0       0x5c D:/devkitPro/libnx/lib\libnx.a(applet.o)
                0x0000000000000fb0                appletSetCpuBoostMode
 *fill*         0x000000000000100c        0x4 
 .text.appletCreateManagedDisplayLayer
                0x0000000000001010       0x2c D:/devkitPro/libnx/lib\libnx.a(applet.o)
                0x0000000000001010                appletCreateManagedDisplayLayer
 *fill*         0x000000000000103c        0x4 
 .text.appletGetAppletResourceUserId
                0x0000000000001040        0xc D:/devkitPro/libnx/lib\libnx.a(applet.o)
                0x0000000000001040                appletGetAppletResourceUserId
 *fill*         0x000000000000104c        0x4 
 .text._appletGetIndirectLayerConsumerHandle
                0x0000000000001050       0xf8 D:/devkitPro/libnx/lib\libnx.a(applet.o)
 *fill*         0x0000000000001148        0x8 
 .text._appletHolderCreateState
                0x0000000000001150       0x88 D:/devkitPro/libnx/lib\libnx.a(applet.o)
 *fill*         0x00000000000011d8        0x8 
 .text.appletHolderClose
                0x00000000000011e0       0xa8 D:/devkitPro/libnx/lib\libnx.a(applet.o)
                0x00000000000011e0                appletHolderClose
 *fill*         0x0000000000001288        0x8 
 .text.appletHolderGetLibraryAppletInfo
                0x0000000000001290       0x24 D:/devkitPro/libnx/lib\libnx.a(applet.o)
                0x0000000000001290                appletHolderGetLibraryAppletInfo
 *fill*         0x00000000000012b4        0xc 
 .text.appletNotifyRunning
                0x00000000000012c0       0x90 D:/devkitPro/libnx/lib\libnx.a(applet.o)
                0x00000000000012c0                appletNotifyRunning
 .text.appletSetGamePlayRecordingState
                0x0000000000001350       0x8c D:/devkitPro/libnx/lib\libnx.a(applet.o)
                0x0000000000001350                appletSetGamePlayRecordingState
 *fill*         0x00000000000013dc        0x4 
 .text._appletCleanup
                0x00000000000013e0      0xac0 D:/devkitPro/libnx/lib\libnx.a(applet.o)
 .text.appletExit
                0x0000000000001ea0       0x44 D:/devkitPro/libnx/lib\libnx.a(applet.o)
                0x0000000000001ea0                appletExit
 *fill*         0x0000000000001ee4        0xc 
 .text.appletGetLibraryAppletInfo
                0x0000000000001ef0       0x40 D:/devkitPro/libnx/lib\libnx.a(applet.o)
                0x0000000000001ef0                appletGetLibraryAppletInfo
 .text.appletInitialize
                0x0000000000001f30      0xa10 D:/devkitPro/libnx/lib\libnx.a(applet.o)
                0x0000000000001f30                appletInitialize
 .text._appletExitProcess
                0x0000000000002940       0x24 D:/devkitPro/libnx/lib\libnx.a(applet.o)
 *fill*         0x0000000000002964        0xc 
 .text.appletGetMessage
                0x0000000000002970       0x74 D:/devkitPro/libnx/lib\libnx.a(applet.o)
                0x0000000000002970                appletGetMessage
 *fill*         0x00000000000029e4        0xc 
 .text.appletProcessMessage
                0x00000000000029f0      0x248 D:/devkitPro/libnx/lib\libnx.a(applet.o)
                0x00000000000029f0                appletProcessMessage
 *fill*         0x0000000000002c38        0x8 
 .text.appletMainLoop
                0x0000000000002c40       0x34 D:/devkitPro/libnx/lib\libnx.a(applet.o)
                0x0000000000002c40                appletMainLoop
 *fill*         0x0000000000002c74        0xc 
 .text.hosversionGet
                0x0000000000002c80       0x14 D:/devkitPro/libnx/lib\libnx.a(hosversion.o)
                0x0000000000002c80                hosversionGet
 *fill*         0x0000000000002c94        0xc 
 .text.hosversionSet
                0x0000000000002ca0       0x10 D:/devkitPro/libnx/lib\libnx.a(hosversion.o)
                0x0000000000002ca0                hosversionSet
 .text.envSetup
                0x0000000000002cb0      0x24c D:/devkitPro/libnx/lib\libnx.a(env.o)
                0x0000000000002cb0                envSetup
 *fill*         0x0000000000002efc        0x4 
 .text.envGetMainThreadHandle
                0x0000000000002f00       0x20 D:/devkitPro/libnx/lib\libnx.a(env.o)
                0x0000000000002f00                envGetMainThreadHandle
 .text.envIsNso
                0x0000000000002f20        0xc D:/devkitPro/libnx/lib\libnx.a(env.o)
                0x0000000000002f20                envIsNso
 *fill*         0x0000000000002f2c        0x4 
 .text.envHasHeapOverride
                0x0000000000002f30       0x14 D:/devkitPro/libnx/lib\libnx.a(env.o)
                0x0000000000002f30                envHasHeapOverride
 *fill*         0x0000000000002f44        0xc 
 .text.envGetHeapOverrideAddr
                0x0000000000002f50        0xc D:/devkitPro/libnx/lib\libnx.a(env.o)
                0x0000000000002f50                envGetHeapOverrideAddr
 *fill*         0x0000000000002f5c        0x4 
 .text.envGetHeapOverrideSize
                0x0000000000002f60        0xc D:/devkitPro/libnx/lib\libnx.a(env.o)
                0x0000000000002f60                envGetHeapOverrideSize
 *fill*         0x0000000000002f6c        0x4 
 .text.envHasArgv
                0x0000000000002f70       0x14 D:/devkitPro/libnx/lib\libnx.a(env.o)
                0x0000000000002f70                envHasArgv
 *fill*         0x0000000000002f84        0xc 
 .text.envGetArgv
                0x0000000000002f90        0xc D:/devkitPro/libnx/lib\libnx.a(env.o)
                0x0000000000002f90                envGetArgv
 *fill*         0x0000000000002f9c        0x4 
 .text.envGetExitFuncPtr
                0x0000000000002fa0        0xc D:/devkitPro/libnx/lib\libnx.a(env.o)
                0x0000000000002fa0                envGetExitFuncPtr
 *fill*         0x0000000000002fac        0x4 
 .text.envSetExitFuncPtr
                0x0000000000002fb0        0xc D:/devkitPro/libnx/lib\libnx.a(env.o)
                0x0000000000002fb0                envSetExitFuncPtr
 *fill*         0x0000000000002fbc        0x4 
 .text.envHasRandomSeed
                0x0000000000002fc0        0xc D:/devkitPro/libnx/lib\libnx.a(env.o)
                0x0000000000002fc0                envHasRandomSeed
 *fill*         0x0000000000002fcc        0x4 
 .text.envGetRandomSeed
                0x0000000000002fd0       0x18 D:/devkitPro/libnx/lib\libnx.a(env.o)
                0x0000000000002fd0                envGetRandomSeed
 *fill*         0x0000000000002fe8        0x8 
 .text._padUpdateWithCommonState
                0x0000000000002ff0       0x5c D:/devkitPro/libnx/lib\libnx.a(pad.o)
 *fill*         0x000000000000304c        0x4 
 .text.padConfigureInput
                0x0000000000003050       0x9c D:/devkitPro/libnx/lib\libnx.a(pad.o)
                0x0000000000003050                padConfigureInput
 *fill*         0x00000000000030ec        0x4 
 .text.padInitializeWithMask
                0x00000000000030f0       0x20 D:/devkitPro/libnx/lib\libnx.a(pad.o)
                0x00000000000030f0                padInitializeWithMask
 .text.padUpdate
                0x0000000000003110      0x228 D:/devkitPro/libnx/lib\libnx.a(pad.o)
                0x0000000000003110                padUpdate
 *fill*         0x0000000000003338        0x8 
 .text.diagAbortWithResult
                0x0000000000003340       0x1c D:/devkitPro/libnx/lib\libnx.a(diag.o)
                0x0000000000003340                diagAbortWithResult
 *fill*         0x000000000000335c        0x4 
 .text.consoleDrawChar
                0x0000000000003360       0x48 D:/devkitPro/libnx/lib\libnx.a(console.o)
 *fill*         0x00000000000033a8        0x8 
 .text.consoleNewRow
                0x00000000000033b0       0xb0 D:/devkitPro/libnx/lib\libnx.a(console.o)
 .text.con_write
                0x0000000000003460      0xc38 D:/devkitPro/libnx/lib\libnx.a(console.o)
 *fill*         0x0000000000004098        0x8 
 .text.consoleInit
                0x00000000000040a0      0x160 D:/devkitPro/libnx/lib\libnx.a(console.o)
                0x00000000000040a0                consoleInit
 .text.consoleExit
                0x0000000000004200       0x48 D:/devkitPro/libnx/lib\libnx.a(console.o)
                0x0000000000004200                consoleExit
 *fill*         0x0000000000004248        0x8 
 .text.consoleUpdate
                0x0000000000004250       0x2c D:/devkitPro/libnx/lib\libnx.a(console.o)
                0x0000000000004250                consoleUpdate
 *fill*         0x000000000000427c        0x4 
 .text.ConsoleSwRenderer_drawChar
                0x0000000000004280      0x194 D:/devkitPro/libnx/lib\libnx.a(console_sw.o)
 *fill*         0x0000000000004414        0xc 
 .text.ConsoleSwRenderer_init
                0x0000000000004420       0xf4 D:/devkitPro/libnx/lib\libnx.a(console_sw.o)
 *fill*         0x0000000000004514        0xc 
 .text.ConsoleSwRenderer_flushAndSwap
                0x0000000000004520       0x70 D:/devkitPro/libnx/lib\libnx.a(console_sw.o)
 .text.ConsoleSwRenderer_scrollWindow
                0x0000000000004590       0xc8 D:/devkitPro/libnx/lib\libnx.a(console_sw.o)
 *fill*         0x0000000000004658        0x8 
 .text.ConsoleSwRenderer_deinit
                0x0000000000004660       0x4c D:/devkitPro/libnx/lib\libnx.a(console_sw.o)
 *fill*         0x00000000000046ac        0x4 
 .text.getDefaultConsoleRenderer
                0x00000000000046b0        0xc D:/devkitPro/libnx/lib\libnx.a(console_sw.o)
                0x00000000000046b0                getDefaultConsoleRenderer
 .text.svcSetHeapSize
                0x00000000000046bc       0x14 D:/devkitPro/libnx/lib\libnx.a(svc.o)
                0x00000000000046bc                svcSetHeapSize
 .text.svcSetMemoryAttribute
                0x00000000000046d0        0x8 D:/devkitPro/libnx/lib\libnx.a(svc.o)
                0x00000000000046d0                svcSetMemoryAttribute
 .text.svcUnmapMemory
                0x00000000000046d8        0x8 D:/devkitPro/libnx/lib\libnx.a(svc.o)
                0x00000000000046d8                svcUnmapMemory
 .text.svcQueryMemory
                0x00000000000046e0       0x14 D:/devkitPro/libnx/lib\libnx.a(svc.o)
                0x00000000000046e0                svcQueryMemory
 .text.svcExitProcess
                0x00000000000046f4        0x8 D:/devkitPro/libnx/lib\libnx.a(svc.o)
                0x00000000000046f4                svcExitProcess
 .text.svcSleepThread
                0x00000000000046fc        0x8 D:/devkitPro/libnx/lib\libnx.a(svc.o)
                0x00000000000046fc                svcSleepThread
 .text.svcMapSharedMemory
                0x0000000000004704        0x8 D:/devkitPro/libnx/lib\libnx.a(svc.o)
                0x0000000000004704                svcMapSharedMemory
 .text.svcUnmapSharedMemory
                0x000000000000470c        0x8 D:/devkitPro/libnx/lib\libnx.a(svc.o)
                0x000000000000470c                svcUnmapSharedMemory
 .text.svcCreateTransferMemory
                0x0000000000004714       0x14 D:/devkitPro/libnx/lib\libnx.a(svc.o)
                0x0000000000004714                svcCreateTransferMemory
 .text.svcCloseHandle
                0x0000000000004728        0x8 D:/devkitPro/libnx/lib\libnx.a(svc.o)
                0x0000000000004728                svcCloseHandle
 .text.svcResetSignal
                0x0000000000004730        0x8 D:/devkitPro/libnx/lib\libnx.a(svc.o)
                0x0000000000004730                svcResetSignal
 .text.svcWaitSynchronization
                0x0000000000004738       0x14 D:/devkitPro/libnx/lib\libnx.a(svc.o)
                0x0000000000004738                svcWaitSynchronization
 .text.svcArbitrateLock
                0x000000000000474c        0x8 D:/devkitPro/libnx/lib\libnx.a(svc.o)
                0x000000000000474c                svcArbitrateLock
 .text.svcArbitrateUnlock
                0x0000000000004754        0x8 D:/devkitPro/libnx/lib\libnx.a(svc.o)
                0x0000000000004754                svcArbitrateUnlock
 .text.svcWaitProcessWideKeyAtomic
                0x000000000000475c        0x8 D:/devkitPro/libnx/lib\libnx.a(svc.o)
                0x000000000000475c                svcWaitProcessWideKeyAtomic
 .text.svcSignalProcessWideKey
                0x0000000000004764        0x8 D:/devkitPro/libnx/lib\libnx.a(svc.o)
                0x0000000000004764                svcSignalProcessWideKey
 .text.svcConnectToNamedPort
                0x000000000000476c       0x14 D:/devkitPro/libnx/lib\libnx.a(svc.o)
                0x000000000000476c                svcConnectToNamedPort
 .text.svcSendSyncRequest
                0x0000000000004780        0x8 D:/devkitPro/libnx/lib\libnx.a(svc.o)
                0x0000000000004780                svcSendSyncRequest
 .text.svcBreak
                0x0000000000004788        0x8 D:/devkitPro/libnx/lib\libnx.a(svc.o)
                0x0000000000004788                svcBreak
 .text.svcReturnFromException
                0x0000000000004790        0x8 D:/devkitPro/libnx/lib\libnx.a(svc.o)
                0x0000000000004790                svcReturnFromException
 .text.svcGetInfo
                0x0000000000004798       0x14 D:/devkitPro/libnx/lib\libnx.a(svc.o)
                0x0000000000004798                svcGetInfo
 .text.svcUnmapTransferMemory
                0x00000000000047ac        0x8 D:/devkitPro/libnx/lib\libnx.a(svc.o)
                0x00000000000047ac                svcUnmapTransferMemory
 *fill*         0x00000000000047b4        0xc 
 .text.waitObjects
                0x00000000000047c0      0x45c D:/devkitPro/libnx/lib\libnx.a(wait.o)
                0x00000000000047c0                waitObjects
 *fill*         0x0000000000004c1c        0x4 
 .text.tmemCreate
                0x0000000000004c20       0xa8 D:/devkitPro/libnx/lib\libnx.a(tmem.o)
                0x0000000000004c20                tmemCreate
 *fill*         0x0000000000004cc8        0x8 
 .text.tmemUnmap
                0x0000000000004cd0       0x34 D:/devkitPro/libnx/lib\libnx.a(tmem.o)
                0x0000000000004cd0                tmemUnmap
 *fill*         0x0000000000004d04        0xc 
 .text.tmemClose
                0x0000000000004d10       0x68 D:/devkitPro/libnx/lib\libnx.a(tmem.o)
                0x0000000000004d10                tmemClose
 *fill*         0x0000000000004d78        0x8 
 .text.mutexLock
                0x0000000000004d80       0x80 D:/devkitPro/libnx/lib\libnx.a(mutex.o)
                0x0000000000004d80                mutexLock
 .text.mutexUnlock
                0x0000000000004e00       0x68 D:/devkitPro/libnx/lib\libnx.a(mutex.o)
                0x0000000000004e00                mutexUnlock
 *fill*         0x0000000000004e68        0x8 
 .text.mutexIsLockedByCurrentThread
                0x0000000000004e70       0x1c D:/devkitPro/libnx/lib\libnx.a(mutex.o)
                0x0000000000004e70                mutexIsLockedByCurrentThread
 *fill*         0x0000000000004e8c        0x4 
 .text.rmutexLock
                0x0000000000004e90       0x4c D:/devkitPro/libnx/lib\libnx.a(mutex.o)
                0x0000000000004e90                rmutexLock
 *fill*         0x0000000000004edc        0x4 
 .text.rmutexUnlock
                0x0000000000004ee0       0x1c D:/devkitPro/libnx/lib\libnx.a(mutex.o)
                0x0000000000004ee0                rmutexUnlock
 *fill*         0x0000000000004efc        0x4 
 .text._memregionInitWithInfo
                0x0000000000004f00       0x64 D:/devkitPro/libnx/lib\libnx.a(virtmem.o)
 *fill*         0x0000000000004f64        0xc 
 .text.__libnx_virtmem_rng
                0x0000000000004f70        0x4 D:/devkitPro/libnx/lib\libnx.a(virtmem.o)
                0x0000000000004f70                __libnx_virtmem_rng
 *fill*         0x0000000000004f74        0xc 
 .text._memregionFindRandom
                0x0000000000004f80      0x178 D:/devkitPro/libnx/lib\libnx.a(virtmem.o)
 *fill*         0x00000000000050f8        0x8 
 .text.virtmemSetup
                0x0000000000005100      0x120 D:/devkitPro/libnx/lib\libnx.a(virtmem.o)
                0x0000000000005100                virtmemSetup
 .text.virtmemLock
                0x0000000000005220        0xc D:/devkitPro/libnx/lib\libnx.a(virtmem.o)
                0x0000000000005220                virtmemLock
 *fill*         0x000000000000522c        0x4 
 .text.virtmemUnlock
                0x0000000000005230        0xc D:/devkitPro/libnx/lib\libnx.a(virtmem.o)
                0x0000000000005230                virtmemUnlock
 *fill*         0x000000000000523c        0x4 
 .text.virtmemFindAslr
                0x0000000000005240       0x54 D:/devkitPro/libnx/lib\libnx.a(virtmem.o)
                0x0000000000005240                virtmemFindAslr
 *fill*         0x0000000000005294        0xc 
 .text.eventLoadRemote
                0x00000000000052a0        0xc D:/devkitPro/libnx/lib\libnx.a(event.o)
                0x00000000000052a0                eventLoadRemote
 *fill*         0x00000000000052ac        0x4 
 .text.eventWait
                0x00000000000052b0       0x38 D:/devkitPro/libnx/lib\libnx.a(event.o)
                0x00000000000052b0                eventWait
 *fill*         0x00000000000052e8        0x8 
 .text.eventClose
                0x00000000000052f0       0x50 D:/devkitPro/libnx/lib\libnx.a(event.o)
                0x00000000000052f0                eventClose
 .text.randomGet
                0x0000000000005340      0x3d4 D:/devkitPro/libnx/lib\libnx.a(random.o)
                0x0000000000005340                randomGet
 *fill*         0x0000000000005714        0xc 
 .text.randomGet64
                0x0000000000005720       0x20 D:/devkitPro/libnx/lib\libnx.a(random.o)
                0x0000000000005720                randomGet64
 .text._apmCleanup
                0x0000000000005740       0xc0 D:/devkitPro/libnx/lib\libnx.a(apm.o)
 .text._apmCmdGetSession.constprop.0
                0x0000000000005800       0xfc D:/devkitPro/libnx/lib\libnx.a(apm.o)
 *fill*         0x00000000000058fc        0x4 
 .text.apmInitialize
                0x0000000000005900       0xa0 D:/devkitPro/libnx/lib\libnx.a(apm.o)
                0x0000000000005900                apmInitialize
 .text.apmExit  0x00000000000059a0       0x44 D:/devkitPro/libnx/lib\libnx.a(apm.o)
                0x00000000000059a0                apmExit
 *fill*         0x00000000000059e4        0xc 
 .text.apmSetPerformanceConfiguration
                0x00000000000059f0       0xc8 D:/devkitPro/libnx/lib\libnx.a(apm.o)
                0x00000000000059f0                apmSetPerformanceConfiguration
 *fill*         0x0000000000005ab8        0x8 
 .text._smCmifCmdInPid
                0x0000000000005ac0       0xd0 D:/devkitPro/libnx/lib\libnx.a(sm.o)
 .text._smCleanup
                0x0000000000005b90       0x68 D:/devkitPro/libnx/lib\libnx.a(sm.o)
 *fill*         0x0000000000005bf8        0x8 
 .text.smAddOverrideHandle
                0x0000000000005c00       0x48 D:/devkitPro/libnx/lib\libnx.a(sm.o)
                0x0000000000005c00                smAddOverrideHandle
 *fill*         0x0000000000005c48        0x8 
 .text.smGetServiceOverride
                0x0000000000005c50       0x54 D:/devkitPro/libnx/lib\libnx.a(sm.o)
                0x0000000000005c50                smGetServiceOverride
 *fill*         0x0000000000005ca4        0xc 
 .text.smInitialize
                0x0000000000005cb0      0x1c0 D:/devkitPro/libnx/lib\libnx.a(sm.o)
                0x0000000000005cb0                smInitialize
 .text.smExit   0x0000000000005e70       0x44 D:/devkitPro/libnx/lib\libnx.a(sm.o)
                0x0000000000005e70                smExit
 *fill*         0x0000000000005eb4        0xc 
 .text.smGetServiceOriginal
                0x0000000000005ec0       0xd0 D:/devkitPro/libnx/lib\libnx.a(sm.o)
                0x0000000000005ec0                smGetServiceOriginal
 .text.smGetServiceWrapper
                0x0000000000005f90      0x120 D:/devkitPro/libnx/lib\libnx.a(sm.o)
                0x0000000000005f90                smGetServiceWrapper
 .text._hidCleanup
                0x00000000000060b0      0x108 D:/devkitPro/libnx/lib\libnx.a(hid.o)
 *fill*         0x00000000000061b8        0x8 
 .text._hidCmdInAruidNoOut
                0x00000000000061c0       0xd4 D:/devkitPro/libnx/lib\libnx.a(hid.o)
 *fill*         0x0000000000006294        0xc 
 .text._hidCmdInU32AruidNoOut
                0x00000000000062a0       0xe0 D:/devkitPro/libnx/lib\libnx.a(hid.o)
 .text._hidGetStates
                0x0000000000006380      0x184 D:/devkitPro/libnx/lib\libnx.a(hid.o)
 *fill*         0x0000000000006504        0xc 
 .text._hidCreateAppletResource.constprop.0
                0x0000000000006510      0x118 D:/devkitPro/libnx/lib\libnx.a(hid.o)
 *fill*         0x0000000000006628        0x8 
 .text._hidCmdGetHandle.constprop.0
                0x0000000000006630       0xc8 D:/devkitPro/libnx/lib\libnx.a(hid.o)
 *fill*         0x00000000000066f8        0x8 
 .text.hidInitialize
                0x0000000000006700       0xdc D:/devkitPro/libnx/lib\libnx.a(hid.o)
                0x0000000000006700                hidInitialize
 *fill*         0x00000000000067dc        0x4 
 .text.hidExit  0x00000000000067e0       0x44 D:/devkitPro/libnx/lib\libnx.a(hid.o)
                0x00000000000067e0                hidExit
 *fill*         0x0000000000006824        0xc 
 .text.hidGetSharedmemAddr
                0x0000000000006830        0xc D:/devkitPro/libnx/lib\libnx.a(hid.o)
                0x0000000000006830                hidGetSharedmemAddr
 *fill*         0x000000000000683c        0x4 
 .text.hidGetNpadStyleSet
                0x0000000000006840       0x94 D:/devkitPro/libnx/lib\libnx.a(hid.o)
                0x0000000000006840                hidGetNpadStyleSet
 *fill*         0x00000000000068d4        0xc 
 .text.hidInitializeNpad
                0x00000000000068e0       0x6c D:/devkitPro/libnx/lib\libnx.a(hid.o)
                0x00000000000068e0                hidInitializeNpad
 *fill*         0x000000000000694c        0x4 
 .text.hidGetNpadStatesFullKey
                0x0000000000006950       0xac D:/devkitPro/libnx/lib\libnx.a(hid.o)
                0x0000000000006950                hidGetNpadStatesFullKey
 *fill*         0x00000000000069fc        0x4 
 .text.hidGetNpadStatesHandheld
                0x0000000000006a00       0xac D:/devkitPro/libnx/lib\libnx.a(hid.o)
                0x0000000000006a00                hidGetNpadStatesHandheld
 *fill*         0x0000000000006aac        0x4 
 .text.hidGetNpadStatesJoyDual
                0x0000000000006ab0       0xac D:/devkitPro/libnx/lib\libnx.a(hid.o)
                0x0000000000006ab0                hidGetNpadStatesJoyDual
 *fill*         0x0000000000006b5c        0x4 
 .text.hidGetNpadStatesJoyLeft
                0x0000000000006b60       0xac D:/devkitPro/libnx/lib\libnx.a(hid.o)
                0x0000000000006b60                hidGetNpadStatesJoyLeft
 *fill*         0x0000000000006c0c        0x4 
 .text.hidGetNpadStatesJoyRight
                0x0000000000006c10       0xac D:/devkitPro/libnx/lib\libnx.a(hid.o)
                0x0000000000006c10                hidGetNpadStatesJoyRight
 *fill*         0x0000000000006cbc        0x4 
 .text.hidGetNpadStatesGc
                0x0000000000006cc0      0x174 D:/devkitPro/libnx/lib\libnx.a(hid.o)
                0x0000000000006cc0                hidGetNpadStatesGc
 *fill*         0x0000000000006e34        0xc 
 .text.hidGetNpadStatesSystemExt
                0x0000000000006e40       0xb0 D:/devkitPro/libnx/lib\libnx.a(hid.o)
                0x0000000000006e40                hidGetNpadStatesSystemExt
 .text.hidSetSupportedNpadStyleSet
                0x0000000000006ef0        0x8 D:/devkitPro/libnx/lib\libnx.a(hid.o)
                0x0000000000006ef0                hidSetSupportedNpadStyleSet
 *fill*         0x0000000000006ef8        0x8 
 .text.hidSetSupportedNpadIdType
                0x0000000000006f00       0xfc D:/devkitPro/libnx/lib\libnx.a(hid.o)
                0x0000000000006f00                hidSetSupportedNpadIdType
 *fill*         0x0000000000006ffc        0x4 
 .text.framebufferMakeLinear
                0x0000000000007000       0x8c D:/devkitPro/libnx/lib\libnx.a(framebuffer.o)
                0x0000000000007000                framebufferMakeLinear
 *fill*         0x000000000000708c        0x4 
 .text.framebufferClose
                0x0000000000007090       0x80 D:/devkitPro/libnx/lib\libnx.a(framebuffer.o)
                0x0000000000007090                framebufferClose
 .text.framebufferCreate
                0x0000000000007110      0x2b8 D:/devkitPro/libnx/lib\libnx.a(framebuffer.o)
                0x0000000000007110                framebufferCreate
 *fill*         0x00000000000073c8        0x8 
 .text.framebufferBegin
                0x00000000000073d0       0x88 D:/devkitPro/libnx/lib\libnx.a(framebuffer.o)
                0x00000000000073d0                framebufferBegin
 *fill*         0x0000000000007458        0x8 
 .text.framebufferEnd
                0x0000000000007460      0x174 D:/devkitPro/libnx/lib\libnx.a(framebuffer.o)
                0x0000000000007460                framebufferEnd
 *fill*         0x00000000000075d4        0xc 
 .text.nwindowGetDefault
                0x00000000000075e0        0xc D:/devkitPro/libnx/lib\libnx.a(default_window.o)
                0x00000000000075e0                nwindowGetDefault
 *fill*         0x00000000000075ec        0x4 
 .text.__nx_win_init
                0x00000000000075f0       0xc0 D:/devkitPro/libnx/lib\libnx.a(default_window.o)
                0x00000000000075f0                __nx_win_init
 .text.__nx_win_exit
                0x00000000000076b0       0x34 D:/devkitPro/libnx/lib\libnx.a(default_window.o)
                0x00000000000076b0                __nx_win_exit
 *fill*         0x00000000000076e4        0xc 
 .text.nwindowIsValid
                0x00000000000076f0       0x24 D:/devkitPro/libnx/lib\libnx.a(native_window.o)
                0x00000000000076f0                nwindowIsValid
 *fill*         0x0000000000007714        0xc 
 .text.nwindowClose
                0x0000000000007720       0x80 D:/devkitPro/libnx/lib\libnx.a(native_window.o)
                0x0000000000007720                nwindowClose
 .text.nwindowCreate
                0x00000000000077a0       0xec D:/devkitPro/libnx/lib\libnx.a(native_window.o)
                0x00000000000077a0                nwindowCreate
 *fill*         0x000000000000788c        0x4 
 .text.nwindowCreateFromLayer
                0x0000000000007890       0x34 D:/devkitPro/libnx/lib\libnx.a(native_window.o)
                0x0000000000007890                nwindowCreateFromLayer
 *fill*         0x00000000000078c4        0xc 
 .text.nwindowSetDimensions
                0x00000000000078d0       0x88 D:/devkitPro/libnx/lib\libnx.a(native_window.o)
                0x00000000000078d0                nwindowSetDimensions
 *fill*         0x0000000000007958        0x8 
 .text.nwindowConfigureBuffer
                0x0000000000007960      0x190 D:/devkitPro/libnx/lib\libnx.a(native_window.o)
                0x0000000000007960                nwindowConfigureBuffer
 .text.nwindowDequeueBuffer
                0x0000000000007af0      0x1d8 D:/devkitPro/libnx/lib\libnx.a(native_window.o)
                0x0000000000007af0                nwindowDequeueBuffer
 *fill*         0x0000000000007cc8        0x8 
 .text.nwindowQueueBuffer
                0x0000000000007cd0      0x140 D:/devkitPro/libnx/lib\libnx.a(native_window.o)
                0x0000000000007cd0                nwindowQueueBuffer
 .text.nwindowReleaseBuffers
                0x0000000000007e10       0x98 D:/devkitPro/libnx/lib\libnx.a(native_window.o)
                0x0000000000007e10                nwindowReleaseBuffers
 *fill*         0x0000000000007ea8        0x8 
 .text.__nx_dynamic
                0x0000000000007eb0       0xa0 D:/devkitPro/libnx/lib\libnx.a(dynamic.o)
                0x0000000000007eb0                __nx_dynamic
 .text.__libnx_initheap
                0x0000000000007f50       0xd8 D:/devkitPro/libnx/lib\libnx.a(init.o)
                0x0000000000007f50                __libnx_initheap
 *fill*         0x0000000000008028        0x8 
 .text.__appInit
                0x0000000000008030       0xec D:/devkitPro/libnx/lib\libnx.a(init.o)
                0x0000000000008030                __appInit
 *fill*         0x000000000000811c        0x4 
 .text.__appExit
                0x0000000000008120       0x44 D:/devkitPro/libnx/lib\libnx.a(init.o)
                0x0000000000008120                __appExit
 *fill*         0x0000000000008164        0xc 
 .text.__libnx_init
                0x0000000000008170       0x2c D:/devkitPro/libnx/lib\libnx.a(init.o)
                0x0000000000008170                __libnx_init
 *fill*         0x000000000000819c        0x4 
 .text.__libnx_exit
                0x00000000000081a0       0x20 D:/devkitPro/libnx/lib\libnx.a(init.o)
                0x00000000000081a0                __libnx_exit
 .text.__libnx_alloc
                0x00000000000081c0        0x4 D:/devkitPro/libnx/lib\libnx.a(alloc.o)
                0x00000000000081c0                __libnx_alloc
 *fill*         0x00000000000081c4        0xc 
 .text.__libnx_aligned_alloc
                0x00000000000081d0       0x14 D:/devkitPro/libnx/lib\libnx.a(alloc.o)
                0x00000000000081d0                __libnx_aligned_alloc
 *fill*         0x00000000000081e4        0xc 
 .text.__libnx_free
                0x00000000000081f0        0x4 D:/devkitPro/libnx/lib\libnx.a(alloc.o)
                0x00000000000081f0                __libnx_free
 *fill*         0x00000000000081f4        0xc 
 .text.__syscall_exit
                0x0000000000008200       0x1c D:/devkitPro/libnx/lib\libnx.a(newlib.o)
                0x0000000000008200                __syscall_exit
 *fill*         0x000000000000821c        0x4 
 .text.__syscall_getreent
                0x0000000000008220       0x34 D:/devkitPro/libnx/lib\libnx.a(newlib.o)
                0x0000000000008220                __syscall_getreent
 *fill*         0x0000000000008254        0xc 
 .text.__syscall_lock_acquire
                0x0000000000008260        0x4 D:/devkitPro/libnx/lib\libnx.a(newlib.o)
                0x0000000000008260                __syscall_lock_acquire
 *fill*         0x0000000000008264        0xc 
 .text.__syscall_lock_release
                0x0000000000008270        0x4 D:/devkitPro/libnx/lib\libnx.a(newlib.o)
                0x0000000000008270                __syscall_lock_release
 *fill*         0x0000000000008274        0xc 
 .text.__syscall_lock_acquire_recursive
                0x0000000000008280        0x4 D:/devkitPro/libnx/lib\libnx.a(newlib.o)
                0x0000000000008280                __syscall_lock_acquire_recursive
 *fill*         0x0000000000008284        0xc 
 .text.__syscall_lock_release_recursive
                0x0000000000008290        0x4 D:/devkitPro/libnx/lib\libnx.a(newlib.o)
                0x0000000000008290                __syscall_lock_release_recursive
 *fill*         0x0000000000008294        0xc 
 .text.__libnx_init_time
                0x00000000000082a0      0x228 D:/devkitPro/libnx/lib\libnx.a(newlib.o)
                0x00000000000082a0                __libnx_init_time
 *fill*         0x00000000000084c8        0x8 
 .text.newlibSetup
                0x00000000000084d0       0x84 D:/devkitPro/libnx/lib\libnx.a(newlib.o)
                0x00000000000084d0                newlibSetup
 *fill*         0x0000000000008554        0xc 
 .text.argvSetup
                0x0000000000008560      0x320 D:/devkitPro/libnx/lib\libnx.a(argv.o)
                0x0000000000008560                argvSetup
 .text.fsdev_link
                0x0000000000008880       0x14 D:/devkitPro/libnx/lib\libnx.a(fs_dev.o)
 *fill*         0x0000000000008894        0xc 
 .text.fsdev_dirreset
                0x00000000000088a0       0x14 D:/devkitPro/libnx/lib\libnx.a(fs_dev.o)
 *fill*         0x00000000000088b4        0xc 
 .text.fsdev_chmod
                0x00000000000088c0       0x14 D:/devkitPro/libnx/lib\libnx.a(fs_dev.o)
 *fill*         0x00000000000088d4        0xc 
 .text.error_cmp
                0x00000000000088e0       0x18 D:/devkitPro/libnx/lib\libnx.a(fs_dev.o)
 *fill*         0x00000000000088f8        0x8 
 .text.fsdev_dirclose
                0x0000000000008900       0x20 D:/devkitPro/libnx/lib\libnx.a(fs_dev.o)
 .text.fsdev_close
                0x0000000000008920       0x1c D:/devkitPro/libnx/lib\libnx.a(fs_dev.o)
 *fill*         0x000000000000893c        0x4 
 .text.fsdev_converttimetoutc
                0x0000000000008940       0x80 D:/devkitPro/libnx/lib\libnx.a(fs_dev.o)
 .text.fsdevFindDevice.part.0
                0x00000000000089c0       0xb8 D:/devkitPro/libnx/lib\libnx.a(fs_dev.o)
 *fill*         0x0000000000008a78        0x8 
 .text.fsdev_fixpath
                0x0000000000008a80      0x1e0 D:/devkitPro/libnx/lib\libnx.a(fs_dev.o)
 .text._fsdevUnmountDeviceStruct.part.0
                0x0000000000008c60       0xa0 D:/devkitPro/libnx/lib\libnx.a(fs_dev.o)
 .text.fsdev_fchmod
                0x0000000000008d00       0x14 D:/devkitPro/libnx/lib\libnx.a(fs_dev.o)
 *fill*         0x0000000000008d14        0xc 
 .text.fsdev_diropen
                0x0000000000008d20      0x108 D:/devkitPro/libnx/lib\libnx.a(fs_dev.o)
 *fill*         0x0000000000008e28        0x8 
 .text.fsdev_fsync
                0x0000000000008e30       0x7c D:/devkitPro/libnx/lib\libnx.a(fs_dev.o)
 *fill*         0x0000000000008eac        0x4 
 .text.fsdev_fstat
                0x0000000000008eb0      0x108 D:/devkitPro/libnx/lib\libnx.a(fs_dev.o)
 *fill*         0x0000000000008fb8        0x8 
 .text.fsdev_ftruncate
                0x0000000000008fc0       0x94 D:/devkitPro/libnx/lib\libnx.a(fs_dev.o)
 *fill*         0x0000000000009054        0xc 
 .text.fsdev_stat
                0x0000000000009060      0x1f8 D:/devkitPro/libnx/lib\libnx.a(fs_dev.o)
 *fill*         0x0000000000009258        0x8 
 .text.fsdev_rename
                0x0000000000009260      0x154 D:/devkitPro/libnx/lib\libnx.a(fs_dev.o)
 *fill*         0x00000000000093b4        0xc 
 .text.fsdev_chdir
                0x00000000000093c0      0x148 D:/devkitPro/libnx/lib\libnx.a(fs_dev.o)
 *fill*         0x0000000000009508        0x8 
 .text.fsdev_mkdir
                0x0000000000009510       0xac D:/devkitPro/libnx/lib\libnx.a(fs_dev.o)
 *fill*         0x00000000000095bc        0x4 
 .text.fsdev_unlink
                0x00000000000095c0       0xac D:/devkitPro/libnx/lib\libnx.a(fs_dev.o)
 *fill*         0x000000000000966c        0x4 
 .text.fsdev_rmdir
                0x0000000000009670       0xac D:/devkitPro/libnx/lib\libnx.a(fs_dev.o)
 *fill*         0x000000000000971c        0x4 
 .text.fsdev_statvfs
                0x0000000000009720      0x104 D:/devkitPro/libnx/lib\libnx.a(fs_dev.o)
 *fill*         0x0000000000009824        0xc 
 .text.fsdev_write_safe
                0x0000000000009830      0x13c D:/devkitPro/libnx/lib\libnx.a(fs_dev.o)
 *fill*         0x000000000000996c        0x4 
 .text.fsdev_read_safe
                0x0000000000009970      0x13c D:/devkitPro/libnx/lib\libnx.a(fs_dev.o)
 *fill*         0x0000000000009aac        0x4 
 .text.fsdev_read
                0x0000000000009ab0      0x104 D:/devkitPro/libnx/lib\libnx.a(fs_dev.o)
 *fill*         0x0000000000009bb4        0xc 
 .text.fsdev_dirnext
                0x0000000000009bc0      0x1d4 D:/devkitPro/libnx/lib\libnx.a(fs_dev.o)
 *fill*         0x0000000000009d94        0xc 
 .text.fsdev_write
                0x0000000000009da0      0x124 D:/devkitPro/libnx/lib\libnx.a(fs_dev.o)
 *fill*         0x0000000000009ec4        0xc 
 .text.fsdev_seek
                0x0000000000009ed0       0xe4 D:/devkitPro/libnx/lib\libnx.a(fs_dev.o)
 *fill*         0x0000000000009fb4        0xc 
 .text.fsdev_open
                0x0000000000009fc0      0x238 D:/devkitPro/libnx/lib\libnx.a(fs_dev.o)
 *fill*         0x000000000000a1f8        0x8 
 .text.fsdevMountDevice
                0x000000000000a200      0x26c D:/devkitPro/libnx/lib\libnx.a(fs_dev.o)
                0x000000000000a200                fsdevMountDevice
 *fill*         0x000000000000a46c        0x4 
 .text.fsdevMountSdmc
                0x000000000000a470       0x48 D:/devkitPro/libnx/lib\libnx.a(fs_dev.o)
                0x000000000000a470                fsdevMountSdmc
 *fill*         0x000000000000a4b8        0x8 
 .text.__libnx_init_cwd
                0x000000000000a4c0       0xcc D:/devkitPro/libnx/lib\libnx.a(fs_dev.o)
                0x000000000000a4c0                __libnx_init_cwd
 *fill*         0x000000000000a58c        0x4 
 .text.fsdevUnmountAll
                0x000000000000a590       0x64 D:/devkitPro/libnx/lib\libnx.a(fs_dev.o)
                0x000000000000a590                fsdevUnmountAll
 *fill*         0x000000000000a5f4        0xc 
 .text.decode_utf8
                0x000000000000a600      0x12c D:/devkitPro/libnx/lib\libnx.a(decode_utf8.o)
                0x000000000000a600                decode_utf8
 .text.armDCacheFlush
                0x000000000000a72c       0x3c D:/devkitPro/libnx/lib\libnx.a(cache.o)
                0x000000000000a72c                armDCacheFlush
 .text.__libnx_exception_entry
                0x000000000000a768      0x1c0 D:/devkitPro/libnx/lib\libnx.a(exception.o)
                0x000000000000a768                __libnx_exception_entry
 .text.__libnx_exception_returnentry
                0x000000000000a928       0x18 D:/devkitPro/libnx/lib\libnx.a(exception.o)
                0x000000000000a928                __libnx_exception_returnentry
 .text.__aarch64_read_tp
                0x000000000000a940        0xc D:/devkitPro/libnx/lib\libnx.a(readtp.o)
                0x000000000000a940                __aarch64_read_tp
 *fill*         0x000000000000a94c        0x4 
 .text.shmemLoadRemote
                0x000000000000a950       0x14 D:/devkitPro/libnx/lib\libnx.a(shmem.o)
                0x000000000000a950                shmemLoadRemote
 *fill*         0x000000000000a964        0xc 
 .text.shmemMap
                0x000000000000a970       0x88 D:/devkitPro/libnx/lib\libnx.a(shmem.o)
                0x000000000000a970                shmemMap
 *fill*         0x000000000000a9f8        0x8 
 .text.shmemUnmap
                0x000000000000aa00       0x34 D:/devkitPro/libnx/lib\libnx.a(shmem.o)
                0x000000000000aa00                shmemUnmap
 *fill*         0x000000000000aa34        0xc 
 .text.shmemClose
                0x000000000000aa40       0x44 D:/devkitPro/libnx/lib\libnx.a(shmem.o)
                0x000000000000aa40                shmemClose
 *fill*         0x000000000000aa84        0xc 
 .text.condvarWaitTimeout
                0x000000000000aa90       0x64 D:/devkitPro/libnx/lib\libnx.a(condvar.o)
                0x000000000000aa90                condvarWaitTimeout
 *fill*         0x000000000000aaf4        0xc 
 .text.__libnx_init_thread
                0x000000000000ab00       0xac D:/devkitPro/libnx/lib\libnx.a(thread.o)
                0x000000000000ab00                __libnx_init_thread
 *fill*         0x000000000000abac        0x4 
 .text._viCleanup
                0x000000000000abb0      0x1dc D:/devkitPro/libnx/lib\libnx.a(vi.o)
 *fill*         0x000000000000ad8c        0x4 
 .text._viCmdGetSessionNoParams.constprop.0
                0x000000000000ad90      0x100 D:/devkitPro/libnx/lib\libnx.a(vi.o)
 .text._viCmdGetSession.constprop.0
                0x000000000000ae90       0xfc D:/devkitPro/libnx/lib\libnx.a(vi.o)
 *fill*         0x000000000000af8c        0x4 
 .text.viInitialize
                0x000000000000af90      0x25c D:/devkitPro/libnx/lib\libnx.a(vi.o)
                0x000000000000af90                viInitialize
 *fill*         0x000000000000b1ec        0x4 
 .text.viExit   0x000000000000b1f0       0x44 D:/devkitPro/libnx/lib\libnx.a(vi.o)
                0x000000000000b1f0                viExit
 *fill*         0x000000000000b234        0xc 
 .text.viGetSession_IHOSBinderDriverRelay
                0x000000000000b240        0xc D:/devkitPro/libnx/lib\libnx.a(vi.o)
                0x000000000000b240                viGetSession_IHOSBinderDriverRelay
 *fill*         0x000000000000b24c        0x4 
 .text.viOpenDisplay
                0x000000000000b250      0x110 D:/devkitPro/libnx/lib\libnx.a(vi.o)
                0x000000000000b250                viOpenDisplay
 .text.viCloseDisplay
                0x000000000000b360       0xf4 D:/devkitPro/libnx/lib\libnx.a(vi.o)
                0x000000000000b360                viCloseDisplay
 *fill*         0x000000000000b454        0xc 
 .text.viCloseLayer
                0x000000000000b460       0xfc D:/devkitPro/libnx/lib\libnx.a(vi.o)
                0x000000000000b460                viCloseLayer
 *fill*         0x000000000000b55c        0x4 
 .text.viCreateLayer
                0x000000000000b560      0x38c D:/devkitPro/libnx/lib\libnx.a(vi.o)
                0x000000000000b560                viCreateLayer
 *fill*         0x000000000000b8ec        0x4 
 .text.viSetLayerScalingMode
                0x000000000000b8f0       0xd8 D:/devkitPro/libnx/lib\libnx.a(vi.o)
                0x000000000000b8f0                viSetLayerScalingMode
 *fill*         0x000000000000b9c8        0x8 
 .text._setsysGetFirmwareVersionImpl
                0x000000000000b9d0       0xd4 D:/devkitPro/libnx/lib\libnx.a(set.o)
 *fill*         0x000000000000baa4        0xc 
 .text._setsysCleanup
                0x000000000000bab0       0x68 D:/devkitPro/libnx/lib\libnx.a(set.o)
 *fill*         0x000000000000bb18        0x8 
 .text.setsysInitialize
                0x000000000000bb20       0xa0 D:/devkitPro/libnx/lib\libnx.a(set.o)
                0x000000000000bb20                setsysInitialize
 .text.setsysExit
                0x000000000000bbc0       0x44 D:/devkitPro/libnx/lib\libnx.a(set.o)
                0x000000000000bbc0                setsysExit
 *fill*         0x000000000000bc04        0xc 
 .text.setsysGetFirmwareVersion
                0x000000000000bc10       0x44 D:/devkitPro/libnx/lib\libnx.a(set.o)
                0x000000000000bc10                setsysGetFirmwareVersion
 *fill*         0x000000000000bc54        0xc 
 .text._fsCleanup
                0x000000000000bc60       0xb4 D:/devkitPro/libnx/lib\libnx.a(fs.o)
 *fill*         0x000000000000bd14        0xc 
 .text._fsCmdNoIO
                0x000000000000bd20      0x1b0 D:/devkitPro/libnx/lib\libnx.a(fs.o)
 .text._fsFsCmdWithInPath
                0x000000000000bed0      0x1d4 D:/devkitPro/libnx/lib\libnx.a(fs.o)
 *fill*         0x000000000000c0a4        0xc 
 .text._fsFsCmdWithTwoInPaths
                0x000000000000c0b0      0x1fc D:/devkitPro/libnx/lib\libnx.a(fs.o)
 *fill*         0x000000000000c2ac        0x4 
 .text._fsFsOpenCommon
                0x000000000000c2b0      0x23c D:/devkitPro/libnx/lib\libnx.a(fs.o)
 *fill*         0x000000000000c4ec        0x4 
 .text._fsFsCmdWithInPathAndOutU64
                0x000000000000c4f0      0x1f0 D:/devkitPro/libnx/lib\libnx.a(fs.o)
 .text._fsObjectClose
                0x000000000000c6e0       0xf4 D:/devkitPro/libnx/lib\libnx.a(fs.o)
 *fill*         0x000000000000c7d4        0xc 
 .text._fsCmdGetSession.constprop.0
                0x000000000000c7e0      0x17c D:/devkitPro/libnx/lib\libnx.a(fs.o)
 *fill*         0x000000000000c95c        0x4 
 .text.fsInitialize
                0x000000000000c960      0x318 D:/devkitPro/libnx/lib\libnx.a(fs.o)
                0x000000000000c960                fsInitialize
 *fill*         0x000000000000cc78        0x8 
 .text.fsExit   0x000000000000cc80       0x44 D:/devkitPro/libnx/lib\libnx.a(fs.o)
                0x000000000000cc80                fsExit
 *fill*         0x000000000000ccc4        0xc 
 .text.fsOpenSdCardFileSystem
                0x000000000000ccd0        0x8 D:/devkitPro/libnx/lib\libnx.a(fs.o)
                0x000000000000ccd0                fsOpenSdCardFileSystem
 *fill*         0x000000000000ccd8        0x8 
 .text.fsFsCreateFile
                0x000000000000cce0      0x1e4 D:/devkitPro/libnx/lib\libnx.a(fs.o)
                0x000000000000cce0                fsFsCreateFile
 *fill*         0x000000000000cec4        0xc 
 .text.fsFsDeleteFile
                0x000000000000ced0        0x8 D:/devkitPro/libnx/lib\libnx.a(fs.o)
                0x000000000000ced0                fsFsDeleteFile
 *fill*         0x000000000000ced8        0x8 
 .text.fsFsCreateDirectory
                0x000000000000cee0        0x8 D:/devkitPro/libnx/lib\libnx.a(fs.o)
                0x000000000000cee0                fsFsCreateDirectory
 *fill*         0x000000000000cee8        0x8 
 .text.fsFsDeleteDirectory
                0x000000000000cef0        0x8 D:/devkitPro/libnx/lib\libnx.a(fs.o)
                0x000000000000cef0                fsFsDeleteDirectory
 *fill*         0x000000000000cef8        0x8 
 .text.fsFsRenameFile
                0x000000000000cf00        0x8 D:/devkitPro/libnx/lib\libnx.a(fs.o)
                0x000000000000cf00                fsFsRenameFile
 *fill*         0x000000000000cf08        0x8 
 .text.fsFsRenameDirectory
                0x000000000000cf10        0x8 D:/devkitPro/libnx/lib\libnx.a(fs.o)
                0x000000000000cf10                fsFsRenameDirectory
 *fill*         0x000000000000cf18        0x8 
 .text.fsFsGetEntryType
                0x000000000000cf20      0x1ec D:/devkitPro/libnx/lib\libnx.a(fs.o)
                0x000000000000cf20                fsFsGetEntryType
 *fill*         0x000000000000d10c        0x4 
 .text.fsFsOpenFile
                0x000000000000d110        0x8 D:/devkitPro/libnx/lib\libnx.a(fs.o)
                0x000000000000d110                fsFsOpenFile
 *fill*         0x000000000000d118        0x8 
 .text.fsFsOpenDirectory
                0x000000000000d120        0x8 D:/devkitPro/libnx/lib\libnx.a(fs.o)
                0x000000000000d120                fsFsOpenDirectory
 *fill*         0x000000000000d128        0x8 
 .text.fsFsGetFreeSpace
                0x000000000000d130        0x8 D:/devkitPro/libnx/lib\libnx.a(fs.o)
                0x000000000000d130                fsFsGetFreeSpace
 *fill*         0x000000000000d138        0x8 
 .text.fsFsGetTotalSpace
                0x000000000000d140        0x8 D:/devkitPro/libnx/lib\libnx.a(fs.o)
                0x000000000000d140                fsFsGetTotalSpace
 *fill*         0x000000000000d148        0x8 
 .text.fsFsGetFileTimeStampRaw
                0x000000000000d150      0x230 D:/devkitPro/libnx/lib\libnx.a(fs.o)
                0x000000000000d150                fsFsGetFileTimeStampRaw
 .text.fsFsClose
                0x000000000000d380        0x4 D:/devkitPro/libnx/lib\libnx.a(fs.o)
                0x000000000000d380                fsFsClose
 *fill*         0x000000000000d384        0xc 
 .text.fsFileRead
                0x000000000000d390      0x210 D:/devkitPro/libnx/lib\libnx.a(fs.o)
                0x000000000000d390                fsFileRead
 .text.fsFileWrite
                0x000000000000d5a0      0x200 D:/devkitPro/libnx/lib\libnx.a(fs.o)
                0x000000000000d5a0                fsFileWrite
 .text.fsFileFlush
                0x000000000000d7a0        0x8 D:/devkitPro/libnx/lib\libnx.a(fs.o)
                0x000000000000d7a0                fsFileFlush
 *fill*         0x000000000000d7a8        0x8 
 .text.fsFileSetSize
                0x000000000000d7b0      0x1b4 D:/devkitPro/libnx/lib\libnx.a(fs.o)
                0x000000000000d7b0                fsFileSetSize
 *fill*         0x000000000000d964        0xc 
 .text.fsFileGetSize
                0x000000000000d970      0x1c4 D:/devkitPro/libnx/lib\libnx.a(fs.o)
                0x000000000000d970                fsFileGetSize
 *fill*         0x000000000000db34        0xc 
 .text.fsFileClose
                0x000000000000db40        0x4 D:/devkitPro/libnx/lib\libnx.a(fs.o)
                0x000000000000db40                fsFileClose
 *fill*         0x000000000000db44        0xc 
 .text.fsDirClose
                0x000000000000db50        0x4 D:/devkitPro/libnx/lib\libnx.a(fs.o)
                0x000000000000db50                fsDirClose
 *fill*         0x000000000000db54        0xc 
 .text.fsDirRead
                0x000000000000db60      0x204 D:/devkitPro/libnx/lib\libnx.a(fs.o)
                0x000000000000db60                fsDirRead
 *fill*         0x000000000000dd64        0xc 
 .text._nvSetClientPID
                0x000000000000dd70       0xcc D:/devkitPro/libnx/lib\libnx.a(nv.o)
 *fill*         0x000000000000de3c        0x4 
 .text._nvCleanup
                0x000000000000de40       0xd0 D:/devkitPro/libnx/lib\libnx.a(nv.o)
 .text._nvCmdInitialize.constprop.0
                0x000000000000df10       0xd4 D:/devkitPro/libnx/lib\libnx.a(nv.o)
 *fill*         0x000000000000dfe4        0xc 
 .text.__nx_nv_create_tmem
                0x000000000000dff0       0x1c D:/devkitPro/libnx/lib\libnx.a(nv.o)
                0x000000000000dff0                __nx_nv_create_tmem
 *fill*         0x000000000000e00c        0x4 
 .text.nvInitialize
                0x000000000000e010      0x220 D:/devkitPro/libnx/lib\libnx.a(nv.o)
                0x000000000000e010                nvInitialize
 .text.nvExit   0x000000000000e230       0x44 D:/devkitPro/libnx/lib\libnx.a(nv.o)
                0x000000000000e230                nvExit
 *fill*         0x000000000000e274        0xc 
 .text.nvConvertError
                0x000000000000e280      0x140 D:/devkitPro/libnx/lib\libnx.a(nv.o)
                0x000000000000e280                nvConvertError
 .text.nvOpen   0x000000000000e3c0      0x114 D:/devkitPro/libnx/lib\libnx.a(nv.o)
                0x000000000000e3c0                nvOpen
 *fill*         0x000000000000e4d4        0xc 
 .text.nvIoctl  0x000000000000e4e0      0x290 D:/devkitPro/libnx/lib\libnx.a(nv.o)
                0x000000000000e4e0                nvIoctl
 .text.nvClose  0x000000000000e770       0xd8 D:/devkitPro/libnx/lib\libnx.a(nv.o)
                0x000000000000e770                nvClose
 *fill*         0x000000000000e848        0x8 
 .text.nvQueryEvent
                0x000000000000e850      0x108 D:/devkitPro/libnx/lib\libnx.a(nv.o)
                0x000000000000e850                nvQueryEvent
 *fill*         0x000000000000e958        0x8 
 .text._timeCleanup
                0x000000000000e960      0x228 D:/devkitPro/libnx/lib\libnx.a(time.o)
 *fill*         0x000000000000eb88        0x8 
 .text._timeCmdNoInOutU64.constprop.0
                0x000000000000eb90       0xc8 D:/devkitPro/libnx/lib\libnx.a(time.o)
 *fill*         0x000000000000ec58        0x8 
 .text._timeCmdGetSession.constprop.0
                0x000000000000ec60      0x100 D:/devkitPro/libnx/lib\libnx.a(time.o)
 .text._timeGetSharedMemoryNativeHandle.constprop.0
                0x000000000000ed60       0xcc D:/devkitPro/libnx/lib\libnx.a(time.o)
 *fill*         0x000000000000ee2c        0x4 
 .text._timeReadClockFromSharedMem
                0x000000000000ee30      0x110 D:/devkitPro/libnx/lib\libnx.a(time.o)
 .text.timeInitialize
                0x000000000000ef40      0x238 D:/devkitPro/libnx/lib\libnx.a(time.o)
                0x000000000000ef40                timeInitialize
 *fill*         0x000000000000f178        0x8 
 .text.timeExit
                0x000000000000f180       0x44 D:/devkitPro/libnx/lib\libnx.a(time.o)
                0x000000000000f180                timeExit
 *fill*         0x000000000000f1c4        0xc 
 .text.timeGetServiceSession_SystemClock
                0x000000000000f1d0       0x38 D:/devkitPro/libnx/lib\libnx.a(time.o)
                0x000000000000f1d0                timeGetServiceSession_SystemClock
 *fill*         0x000000000000f208        0x8 
 .text.timeGetCurrentTime
                0x000000000000f210       0x5c D:/devkitPro/libnx/lib\libnx.a(time.o)
                0x000000000000f210                timeGetCurrentTime
 *fill*         0x000000000000f26c        0x4 
 .text.timeToCalendarTimeWithMyRule
                0x000000000000f270      0x110 D:/devkitPro/libnx/lib\libnx.a(time.o)
                0x000000000000f270                timeToCalendarTimeWithMyRule
 .text.timeToPosixTimeWithMyRule
                0x000000000000f380      0x104 D:/devkitPro/libnx/lib\libnx.a(time.o)
                0x000000000000f380                timeToPosixTimeWithMyRule
 *fill*         0x000000000000f484        0xc 
 .text._nvFenceCleanup
                0x000000000000f490       0x7c D:/devkitPro/libnx/lib\libnx.a(fence.o)
 *fill*         0x000000000000f50c        0x4 
 .text.nvFenceInit
                0x000000000000f510       0x98 D:/devkitPro/libnx/lib\libnx.a(fence.o)
                0x000000000000f510                nvFenceInit
 *fill*         0x000000000000f5a8        0x8 
 .text.nvFenceExit
                0x000000000000f5b0       0x44 D:/devkitPro/libnx/lib\libnx.a(fence.o)
                0x000000000000f5b0                nvFenceExit
 *fill*         0x000000000000f5f4        0xc 
 .text.nvFenceWait
                0x000000000000f600      0x234 D:/devkitPro/libnx/lib\libnx.a(fence.o)
                0x000000000000f600                nvFenceWait
 *fill*         0x000000000000f834        0xc 
 .text.nvMultiFenceWait
                0x000000000000f840       0x74 D:/devkitPro/libnx/lib\libnx.a(fence.o)
                0x000000000000f840                nvMultiFenceWait
 *fill*         0x000000000000f8b4        0xc 
 .text.nvMapInit
                0x000000000000f8c0       0xb4 D:/devkitPro/libnx/lib\libnx.a(map.o)
                0x000000000000f8c0                nvMapInit
 *fill*         0x000000000000f974        0xc 
 .text.nvMapExit
                0x000000000000f980       0x6c D:/devkitPro/libnx/lib\libnx.a(map.o)
                0x000000000000f980                nvMapExit
 *fill*         0x000000000000f9ec        0x4 
 .text.nvMapClose
                0x000000000000f9f0       0x80 D:/devkitPro/libnx/lib\libnx.a(map.o)
                0x000000000000f9f0                nvMapClose
 .text.nvMapCreate
                0x000000000000fa70      0x160 D:/devkitPro/libnx/lib\libnx.a(map.o)
                0x000000000000fa70                nvMapCreate
 .text.nvioctlNvhostCtrl_EventSignal
                0x000000000000fbd0       0x28 D:/devkitPro/libnx/lib\libnx.a(nvhost-ctrl.o)
                0x000000000000fbd0                nvioctlNvhostCtrl_EventSignal
 *fill*         0x000000000000fbf8        0x8 
 .text.nvioctlNvhostCtrl_EventWait
                0x000000000000fc00       0x44 D:/devkitPro/libnx/lib\libnx.a(nvhost-ctrl.o)
                0x000000000000fc00                nvioctlNvhostCtrl_EventWait
 *fill*         0x000000000000fc44        0xc 
 .text.nvioctlNvhostCtrl_EventWaitAsync
                0x000000000000fc50       0x30 D:/devkitPro/libnx/lib\libnx.a(nvhost-ctrl.o)
                0x000000000000fc50                nvioctlNvhostCtrl_EventWaitAsync
 .text.nvioctlNvhostCtrl_EventRegister
                0x000000000000fc80       0x28 D:/devkitPro/libnx/lib\libnx.a(nvhost-ctrl.o)
                0x000000000000fc80                nvioctlNvhostCtrl_EventRegister
 *fill*         0x000000000000fca8        0x8 
 .text.nvioctlNvhostCtrl_EventUnregister
                0x000000000000fcb0       0x28 D:/devkitPro/libnx/lib\libnx.a(nvhost-ctrl.o)
                0x000000000000fcb0                nvioctlNvhostCtrl_EventUnregister
 *fill*         0x000000000000fcd8        0x8 
 .text.nvioctlNvmap_Create
                0x000000000000fce0       0x40 D:/devkitPro/libnx/lib\libnx.a(nvmap.o)
                0x000000000000fce0                nvioctlNvmap_Create
 .text.nvioctlNvmap_Alloc
                0x000000000000fd20       0x40 D:/devkitPro/libnx/lib\libnx.a(nvmap.o)
                0x000000000000fd20                nvioctlNvmap_Alloc
 .text.nvioctlNvmap_Free
                0x000000000000fd60       0x30 D:/devkitPro/libnx/lib\libnx.a(nvmap.o)
                0x000000000000fd60                nvioctlNvmap_Free
 .text.nvioctlNvmap_GetId
                0x000000000000fd90       0x40 D:/devkitPro/libnx/lib\libnx.a(nvmap.o)
                0x000000000000fd90                nvioctlNvmap_GetId
 .text.bqRequestBuffer
                0x000000000000fdd0       0xd8 D:/devkitPro/libnx/lib\libnx.a(buffer_producer.o)
                0x000000000000fdd0                bqRequestBuffer
 *fill*         0x000000000000fea8        0x8 
 .text.bqDequeueBuffer
                0x000000000000feb0      0x160 D:/devkitPro/libnx/lib\libnx.a(buffer_producer.o)
                0x000000000000feb0                bqDequeueBuffer
 .text.bqQueueBuffer
                0x0000000000010010       0xdc D:/devkitPro/libnx/lib\libnx.a(buffer_producer.o)
                0x0000000000010010                bqQueueBuffer
 *fill*         0x00000000000100ec        0x4 
 .text.bqCancelBuffer
                0x00000000000100f0       0x94 D:/devkitPro/libnx/lib\libnx.a(buffer_producer.o)
                0x00000000000100f0                bqCancelBuffer
 *fill*         0x0000000000010184        0xc 
 .text.bqConnect
                0x0000000000010190       0xe4 D:/devkitPro/libnx/lib\libnx.a(buffer_producer.o)
                0x0000000000010190                bqConnect
 *fill*         0x0000000000010274        0xc 
 .text.bqDisconnect
                0x0000000000010280       0x9c D:/devkitPro/libnx/lib\libnx.a(buffer_producer.o)
                0x0000000000010280                bqDisconnect
 *fill*         0x000000000001031c        0x4 
 .text.bqSetPreallocatedBuffer
                0x0000000000010320      0x174 D:/devkitPro/libnx/lib\libnx.a(buffer_producer.o)
                0x0000000000010320                bqSetPreallocatedBuffer
 *fill*         0x0000000000010494        0xc 
 .text.binderCreate
                0x00000000000104a0       0x18 D:/devkitPro/libnx/lib\libnx.a(binder.o)
                0x00000000000104a0                binderCreate
 *fill*         0x00000000000104b8        0x8 
 .text.binderTransactParcel
                0x00000000000104c0      0x3b0 D:/devkitPro/libnx/lib\libnx.a(binder.o)
                0x00000000000104c0                binderTransactParcel
 .text.binderConvertErrorCode
                0x0000000000010870      0x124 D:/devkitPro/libnx/lib\libnx.a(binder.o)
                0x0000000000010870                binderConvertErrorCode
 *fill*         0x0000000000010994        0xc 
 .text.binderAdjustRefcount
                0x00000000000109a0      0x124 D:/devkitPro/libnx/lib\libnx.a(binder.o)
                0x00000000000109a0                binderAdjustRefcount
 *fill*         0x0000000000010ac4        0xc 
 .text.binderInitSession
                0x0000000000010ad0       0x98 D:/devkitPro/libnx/lib\libnx.a(binder.o)
                0x0000000000010ad0                binderInitSession
 *fill*         0x0000000000010b68        0x8 
 .text.binderClose
                0x0000000000010b70       0x68 D:/devkitPro/libnx/lib\libnx.a(binder.o)
                0x0000000000010b70                binderClose
 *fill*         0x0000000000010bd8        0x8 
 .text.binderGetNativeHandle
                0x0000000000010be0      0x158 D:/devkitPro/libnx/lib\libnx.a(binder.o)
                0x0000000000010be0                binderGetNativeHandle
 *fill*         0x0000000000010d38        0x8 
 .text.parcelCreate
                0x0000000000010d40       0x30 D:/devkitPro/libnx/lib\libnx.a(parcel.o)
                0x0000000000010d40                parcelCreate
 .text.parcelTransact
                0x0000000000010d70      0x19c D:/devkitPro/libnx/lib\libnx.a(parcel.o)
                0x0000000000010d70                parcelTransact
 *fill*         0x0000000000010f0c        0x4 
 .text.parcelWriteData
                0x0000000000010f10       0x88 D:/devkitPro/libnx/lib\libnx.a(parcel.o)
                0x0000000000010f10                parcelWriteData
 *fill*         0x0000000000010f98        0x8 
 .text.parcelReadData
                0x0000000000010fa0       0x98 D:/devkitPro/libnx/lib\libnx.a(parcel.o)
                0x0000000000010fa0                parcelReadData
 *fill*         0x0000000000011038        0x8 
 .text.parcelWriteInt32
                0x0000000000011040       0x20 D:/devkitPro/libnx/lib\libnx.a(parcel.o)
                0x0000000000011040                parcelWriteInt32
 .text.parcelWriteUInt32
                0x0000000000011060       0x20 D:/devkitPro/libnx/lib\libnx.a(parcel.o)
                0x0000000000011060                parcelWriteUInt32
 .text.parcelWriteString16
                0x0000000000011080       0x7c D:/devkitPro/libnx/lib\libnx.a(parcel.o)
                0x0000000000011080                parcelWriteString16
 *fill*         0x00000000000110fc        0x4 
 .text.parcelWriteInterfaceToken
                0x0000000000011100       0x30 D:/devkitPro/libnx/lib\libnx.a(parcel.o)
                0x0000000000011100                parcelWriteInterfaceToken
 .text.parcelReadInt32
                0x0000000000011130       0x24 D:/devkitPro/libnx/lib\libnx.a(parcel.o)
                0x0000000000011130                parcelReadInt32
 *fill*         0x0000000000011154        0xc 
 .text.parcelReadFlattenedObject
                0x0000000000011160       0x68 D:/devkitPro/libnx/lib\libnx.a(parcel.o)
                0x0000000000011160                parcelReadFlattenedObject
 *fill*         0x00000000000111c8        0x8 
 .text.parcelWriteFlattenedObject
                0x00000000000111d0       0x4c D:/devkitPro/libnx/lib\libnx.a(parcel.o)
                0x00000000000111d0                parcelWriteFlattenedObject
 *fill*         0x000000000001121c        0x4 
 .text.nxlinkSetup
                0x0000000000011220       0xc4 D:/devkitPro/libnx/lib\libnx.a(nxlink.o)
                0x0000000000011220                nxlinkSetup
 *fill*         0x00000000000112e4        0xc 
 .text.sessionmgrCreate
                0x00000000000112f0      0x180 D:/devkitPro/libnx/lib\libnx.a(sessionmgr.o)
                0x00000000000112f0                sessionmgrCreate
 .text.sessionmgrClose
                0x0000000000011470       0x84 D:/devkitPro/libnx/lib\libnx.a(sessionmgr.o)
                0x0000000000011470                sessionmgrClose
 *fill*         0x00000000000114f4        0xc 
 .text.sessionmgrAttachClient
                0x0000000000011500       0xb4 D:/devkitPro/libnx/lib\libnx.a(sessionmgr.o)
                0x0000000000011500                sessionmgrAttachClient
 *fill*         0x00000000000115b4        0xc 
 .text.sessionmgrDetachClient
                0x00000000000115c0       0x70 D:/devkitPro/libnx/lib\libnx.a(sessionmgr.o)
                0x00000000000115c0                sessionmgrDetachClient
 .text.aligned_alloc
                0x0000000000011630       0x2c d:/devkitpro/devkita64/bin/../lib/gcc/aarch64-none-elf/11.2.0/../../../../aarch64-none-elf/lib/pic\libg.a(lib_a-aligned_alloc.o)
                0x0000000000011630                aligned_alloc
 *fill*         0x000000000001165c        0x4 
 .text.bsearch  0x0000000000011660       0xb8 d:/devkitpro/devkita64/bin/../lib/gcc/aarch64-none-elf/11.2.0/../../../../aarch64-none-elf/lib/pic\libg.a(lib_a-bsearch.o)
                0x0000000000011660                bsearch
 *fill*         0x0000000000011718        0x8 
 .text.__errno  0x0000000000011720       0x14 d:/devkitpro/devkita64/bin/../lib/gcc/aarch64-none-elf/11.2.0/../../../../aarch64-none-elf/lib/pic\libg.a(lib_a-errno.o)
                0x0000000000011720                __errno
 *fill*         0x0000000000011734        0xc 
 .text.__libc_fini_array
                0x0000000000011740       0x44 d:/devkitpro/devkita64/bin/../lib/gcc/aarch64-none-elf/11.2.0/../../../../aarch64-none-elf/lib/pic\libg.a(lib_a-fini.o)
                0x0000000000011740                __libc_fini_array
 *fill*         0x0000000000011784        0xc 
 .text.gmtime   0x0000000000011790       0x2c d:/devkitpro/devkita64/bin/../lib/gcc/aarch64-none-elf/11.2.0/../../../../aarch64-none-elf/lib/pic\libg.a(lib_a-gmtime.o)
                0x0000000000011790                gmtime
 *fill*         0x00000000000117bc        0x4 
 .text.gmtime_r
                0x00000000000117c0      0x29c d:/devkitpro/devkita64/bin/../lib/gcc/aarch64-none-elf/11.2.0/../../../../aarch64-none-elf/lib/pic\libg.a(lib_a-gmtime_r.o)
                0x00000000000117c0                gmtime_r
 *fill*         0x0000000000011a5c        0x4 
 .text.__libc_init_array
                0x0000000000011a60       0x8c d:/devkitpro/devkita64/bin/../lib/gcc/aarch64-none-elf/11.2.0/../../../../aarch64-none-elf/lib/pic\libg.a(lib_a-init.o)
                0x0000000000011a60                __libc_init_array
 *fill*         0x0000000000011aec        0x4 
 .text._memalign_r
                0x0000000000011af0      0x17c d:/devkitpro/devkita64/bin/../lib/gcc/aarch64-none-elf/11.2.0/../../../../aarch64-none-elf/lib/pic\libg.a(lib_a-malignr.o)
                0x0000000000011af0                _memalign_r
 *fill*         0x0000000000011c6c        0x4 
 .text.malloc   0x0000000000011c70       0x24 d:/devkitpro/devkita64/bin/../lib/gcc/aarch64-none-elf/11.2.0/../../../../aarch64-none-elf/lib/pic\libg.a(lib_a-malloc.o)
                0x0000000000011c70                malloc
 *fill*         0x0000000000011c94        0xc 
 .text.free     0x0000000000011ca0       0x24 d:/devkitpro/devkita64/bin/../lib/gcc/aarch64-none-elf/11.2.0/../../../../aarch64-none-elf/lib/pic\libg.a(lib_a-malloc.o)
                0x0000000000011ca0                free
 *fill*         0x0000000000011cc4        0xc 
 .text._malloc_r
                0x0000000000011cd0      0x86c d:/devkitpro/devkita64/bin/../lib/gcc/aarch64-none-elf/11.2.0/../../../../aarch64-none-elf/lib/pic\libg.a(lib_a-mallocr.o)
                0x0000000000011cd0                _malloc_r
 .text          0x000000000001253c       0xd8 d:/devkitpro/devkita64/bin/../lib/gcc/aarch64-none-elf/11.2.0/../../../../aarch64-none-elf/lib/pic\libg.a(lib_a-memchr.o)
                0x000000000001253c                memchr
 *fill*         0x0000000000012614       0x2c 
 .text          0x0000000000012640      0x16c d:/devkitpro/devkita64/bin/../lib/gcc/aarch64-none-elf/11.2.0/../../../../aarch64-none-elf/lib/pic\libg.a(lib_a-memcpy.o)
                0x0000000000012640                memcpy
 *fill*         0x00000000000127ac       0x14 
 .text          0x00000000000127c0      0x1dc d:/devkitpro/devkita64/bin/../lib/gcc/aarch64-none-elf/11.2.0/../../../../aarch64-none-elf/lib/pic\libg.a(lib_a-memset.o)
                0x00000000000127c0                memset
 *fill*         0x000000000001299c        0x4 
 .text.__malloc_lock
                0x00000000000129a0        0xc d:/devkitpro/devkita64/bin/../lib/gcc/aarch64-none-elf/11.2.0/../../../../aarch64-none-elf/lib/pic\libg.a(lib_a-mlock.o)
                0x00000000000129a0                __malloc_lock
 *fill*         0x00000000000129ac        0x4 
 .text.__malloc_unlock
                0x00000000000129b0        0xc d:/devkitpro/devkita64/bin/../lib/gcc/aarch64-none-elf/11.2.0/../../../../aarch64-none-elf/lib/pic\libg.a(lib_a-mlock.o)
                0x00000000000129b0                __malloc_unlock
 *fill*         0x00000000000129bc        0x4 
 .text.printf   0x00000000000129c0       0x84 d:/devkitpro/devkita64/bin/../lib/gcc/aarch64-none-elf/11.2.0/../../../../aarch64-none-elf/lib/pic\libg.a(lib_a-printf.o)
                0x00000000000129c0                printf
 *fill*         0x0000000000012a44        0xc 
 .text.setenv   0x0000000000012a50       0x3c d:/devkitpro/devkita64/bin/../lib/gcc/aarch64-none-elf/11.2.0/../../../../aarch64-none-elf/lib/pic\libg.a(lib_a-setenv.o)
                0x0000000000012a50                setenv
 *fill*         0x0000000000012a8c        0x4 
 .text._setenv_r
                0x0000000000012a90      0x268 d:/devkitpro/devkita64/bin/../lib/gcc/aarch64-none-elf/11.2.0/../../../../aarch64-none-elf/lib/pic\libg.a(lib_a-setenv_r.o)
                0x0000000000012a90                _setenv_r
 *fill*         0x0000000000012cf8        0x8 
 .text.setvbuf  0x0000000000012d00      0x278 d:/devkitpro/devkita64/bin/../lib/gcc/aarch64-none-elf/11.2.0/../../../../aarch64-none-elf/lib/pic\libg.a(lib_a-setvbuf.o)
                0x0000000000012d00                setvbuf
 *fill*         0x0000000000012f78        0x8 
 .text.sscanf   0x0000000000012f80       0xbc d:/devkitpro/devkita64/bin/../lib/gcc/aarch64-none-elf/11.2.0/../../../../aarch64-none-elf/lib/pic\libg.a(lib_a-sscanf.o)
                0x0000000000012f80                sscanf
 *fill*         0x000000000001303c        0x4 
 .text.__sread  0x0000000000013040       0x50 d:/devkitpro/devkita64/bin/../lib/gcc/aarch64-none-elf/11.2.0/../../../../aarch64-none-elf/lib/pic\libg.a(lib_a-stdio.o)
                0x0000000000013040                __sread
 .text.__seofread
                0x0000000000013090        0x8 d:/devkitpro/devkita64/bin/../lib/gcc/aarch64-none-elf/11.2.0/../../../../aarch64-none-elf/lib/pic\libg.a(lib_a-stdio.o)
                0x0000000000013090                __seofread
 *fill*         0x0000000000013098        0x8 
 .text.__swrite
                0x00000000000130a0       0x6c d:/devkitpro/devkita64/bin/../lib/gcc/aarch64-none-elf/11.2.0/../../../../aarch64-none-elf/lib/pic\libg.a(lib_a-stdio.o)
                0x00000000000130a0                __swrite
 *fill*         0x000000000001310c        0x4 
 .text.__sseek  0x0000000000013110       0x50 d:/devkitpro/devkita64/bin/../lib/gcc/aarch64-none-elf/11.2.0/../../../../aarch64-none-elf/lib/pic\libg.a(lib_a-stdio.o)
                0x0000000000013110                __sseek
 .text.__sclose
                0x0000000000013160        0x8 d:/devkitpro/devkita64/bin/../lib/gcc/aarch64-none-elf/11.2.0/../../../../aarch64-none-elf/lib/pic\libg.a(lib_a-stdio.o)
                0x0000000000013160                __sclose
 .text          0x0000000000013168       0xdc d:/devkitpro/devkita64/bin/../lib/gcc/aarch64-none-elf/11.2.0/../../../../aarch64-none-elf/lib/pic\libg.a(lib_a-strchr.o)
                0x0000000000013168                strchr
 *fill*         0x0000000000013244       0x3c 
 .text          0x0000000000013280       0xe4 d:/devkitpro/devkita64/bin/../lib/gcc/aarch64-none-elf/11.2.0/../../../../aarch64-none-elf/lib/pic\libg.a(lib_a-strcmp.o)
                0x0000000000013280                strcmp
 *fill*         0x0000000000013364       0x1c 
 .text          0x0000000000013380      0x140 d:/devkitpro/devkita64/bin/../lib/gcc/aarch64-none-elf/11.2.0/../../../../aarch64-none-elf/lib/pic\libg.a(lib_a-strlen.o)
                0x0000000000013380                strlen
 .text.strncat  0x00000000000134c0       0x7c d:/devkitpro/devkita64/bin/../lib/gcc/aarch64-none-elf/11.2.0/../../../../aarch64-none-elf/lib/pic\libg.a(lib_a-strncat.o)
                0x00000000000134c0                strncat
 *fill*         0x000000000001353c        0x4 
 .text          0x0000000000013540      0x1d4 d:/devkitpro/devkita64/bin/../lib/gcc/aarch64-none-elf/11.2.0/../../../../aarch64-none-elf/lib/pic\libg.a(lib_a-strncmp.o)
                0x000000000001355c                strncmp
 *fill*         0x0000000000013714        0xc 
 .text.strncpy  0x0000000000013720       0x9c d:/devkitpro/devkita64/bin/../lib/gcc/aarch64-none-elf/11.2.0/../../../../aarch64-none-elf/lib/pic\libg.a(lib_a-strncpy.o)
                0x0000000000013720                strncpy
 *fill*         0x00000000000137bc        0x4 
 .text          0x00000000000137c0       0xe0 d:/devkitpro/devkita64/bin/../lib/gcc/aarch64-none-elf/11.2.0/../../../../aarch64-none-elf/lib/pic\libg.a(lib_a-strnlen.o)
                0x00000000000137e4                strnlen
 .text._strtoul_l.constprop.0
                0x00000000000138a0      0x19c d:/devkitpro/devkita64/bin/../lib/gcc/aarch64-none-elf/11.2.0/../../../../aarch64-none-elf/lib/pic\libg.a(lib_a-strtoul.o)
 *fill*         0x0000000000013a3c        0x4 
 .text._strtoul_r
                0x0000000000013a40       0x44 d:/devkitpro/devkita64/bin/../lib/gcc/aarch64-none-elf/11.2.0/../../../../aarch64-none-elf/lib/pic\libg.a(lib_a-strtoul.o)
                0x0000000000013a40                _strtoul_r
 *fill*         0x0000000000013a84        0xc 
 .text.strtoul  0x0000000000013a90       0x48 d:/devkitpro/devkita64/bin/../lib/gcc/aarch64-none-elf/11.2.0/../../../../aarch64-none-elf/lib/pic\libg.a(lib_a-strtoul.o)
                0x0000000000013a90                strtoul
 .text.get_arg  0x0000000000013ad8       0x74 d:/devkitpro/devkita64/bin/../lib/gcc/aarch64-none-elf/11.2.0/../../../../aarch64-none-elf/lib/pic\libg.a(lib_a-svfscanf.o)
 .text.__ssvfscanf_r
                0x0000000000013b4c     0x310c d:/devkitpro/devkita64/bin/../lib/gcc/aarch64-none-elf/11.2.0/../../../../aarch64-none-elf/lib/pic\libg.a(lib_a-svfscanf.o)
                0x0000000000013b4c                __ssvfscanf_r
 .text.get_arg  0x0000000000016c58      0x7e0 d:/devkitpro/devkita64/bin/../lib/gcc/aarch64-none-elf/11.2.0/../../../../aarch64-none-elf/lib/pic\libg.a(lib_a-vfprintf.o)
 .text._vfprintf_r
                0x0000000000017438     0x3c78 d:/devkitpro/devkita64/bin/../lib/gcc/aarch64-none-elf/11.2.0/../../../../aarch64-none-elf/lib/pic\libg.a(lib_a-vfprintf.o)
                0x0000000000017438                _vfprintf_r
 .text.__sbprintf
                0x000000000001b0b0       0xf0 d:/devkitpro/devkita64/bin/../lib/gcc/aarch64-none-elf/11.2.0/../../../../aarch64-none-elf/lib/pic\libg.a(lib_a-vfprintf.o)
 .text._wcrtomb_r
                0x000000000001b1a0       0xd8 d:/devkitpro/devkita64/bin/../lib/gcc/aarch64-none-elf/11.2.0/../../../../aarch64-none-elf/lib/pic\libg.a(lib_a-wcrtomb.o)
                0x000000000001b1a0                _wcrtomb_r
 *fill*         0x000000000001b278        0x8 
 .text._wcsrtombs_r
                0x000000000001b280       0x10 d:/devkitpro/devkita64/bin/../lib/gcc/aarch64-none-elf/11.2.0/../../../../aarch64-none-elf/lib/pic\libg.a(lib_a-wcsrtombs.o)
                0x000000000001b280                _wcsrtombs_r
 .text.__swsetup_r
                0x000000000001b290      0x140 d:/devkitpro/devkita64/bin/../lib/gcc/aarch64-none-elf/11.2.0/../../../../aarch64-none-elf/lib/pic\libg.a(lib_a-wsetup.o)
                0x000000000001b290                __swsetup_r
 .text.__call_exitprocs
                0x000000000001b3d0      0x12c d:/devkitpro/devkita64/bin/../lib/gcc/aarch64-none-elf/11.2.0/../../../../aarch64-none-elf/lib/pic\libg.a(lib_a-__call_atexit.o)
                0x000000000001b3d0                __call_exitprocs
 *fill*         0x000000000001b4fc        0x4 
 .text.quorem   0x000000000001b500      0x19c d:/devkitpro/devkita64/bin/../lib/gcc/aarch64-none-elf/11.2.0/../../../../aarch64-none-elf/lib/pic\libg.a(lib_a-dtoa.o)
 *fill*         0x000000000001b69c        0x4 
 .text._dtoa_r  0x000000000001b6a0     0x1190 d:/devkitpro/devkita64/bin/../lib/gcc/aarch64-none-elf/11.2.0/../../../../aarch64-none-elf/lib/pic\libg.a(lib_a-dtoa.o)
                0x000000000001b6a0                _dtoa_r
 .text.__env_lock
                0x000000000001c830        0xc d:/devkitpro/devkita64/bin/../lib/gcc/aarch64-none-elf/11.2.0/../../../../aarch64-none-elf/lib/pic\libg.a(lib_a-envlock.o)
                0x000000000001c830                __env_lock
 *fill*         0x000000000001c83c        0x4 
 .text.__env_unlock
                0x000000000001c840        0xc d:/devkitpro/devkita64/bin/../lib/gcc/aarch64-none-elf/11.2.0/../../../../aarch64-none-elf/lib/pic\libg.a(lib_a-envlock.o)
                0x000000000001c840                __env_unlock
 *fill*         0x000000000001c84c        0x4 
 .text.__sflush_r
                0x000000000001c850      0x228 d:/devkitpro/devkita64/bin/../lib/gcc/aarch64-none-elf/11.2.0/../../../../aarch64-none-elf/lib/pic\libg.a(lib_a-fflush.o)
                0x000000000001c850                __sflush_r
 *fill*         0x000000000001ca78        0x8 
 .text._fflush_r
                0x000000000001ca80       0xb8 d:/devkitpro/devkita64/bin/../lib/gcc/aarch64-none-elf/11.2.0/../../../../aarch64-none-elf/lib/pic\libg.a(lib_a-fflush.o)
                0x000000000001ca80                _fflush_r
 *fill*         0x000000000001cb38        0x8 
 .text._cleanup_r
                0x000000000001cb40        0xc d:/devkitpro/devkita64/bin/../lib/gcc/aarch64-none-elf/11.2.0/../../../../aarch64-none-elf/lib/pic\libg.a(lib_a-findfp.o)
                0x000000000001cb40                _cleanup_r
 *fill*         0x000000000001cb4c        0x4 
 .text.__sfp_lock_acquire
                0x000000000001cb50        0xc d:/devkitpro/devkita64/bin/../lib/gcc/aarch64-none-elf/11.2.0/../../../../aarch64-none-elf/lib/pic\libg.a(lib_a-findfp.o)
                0x000000000001cb50                __sfp_lock_acquire
 *fill*         0x000000000001cb5c        0x4 
 .text.__sfp_lock_release
                0x000000000001cb60        0xc d:/devkitpro/devkita64/bin/../lib/gcc/aarch64-none-elf/11.2.0/../../../../aarch64-none-elf/lib/pic\libg.a(lib_a-findfp.o)
                0x000000000001cb60                __sfp_lock_release
 *fill*         0x000000000001cb6c        0x4 
 .text.__sinit_lock_acquire
                0x000000000001cb70        0xc d:/devkitpro/devkita64/bin/../lib/gcc/aarch64-none-elf/11.2.0/../../../../aarch64-none-elf/lib/pic\libg.a(lib_a-findfp.o)
                0x000000000001cb70                __sinit_lock_acquire
 *fill*         0x000000000001cb7c        0x4 
 .text.__sinit_lock_release
                0x000000000001cb80        0xc d:/devkitpro/devkita64/bin/../lib/gcc/aarch64-none-elf/11.2.0/../../../../aarch64-none-elf/lib/pic\libg.a(lib_a-findfp.o)
                0x000000000001cb80                __sinit_lock_release
 *fill*         0x000000000001cb8c        0x4 
 .text.__sinit  0x000000000001cb90      0x154 d:/devkitpro/devkita64/bin/../lib/gcc/aarch64-none-elf/11.2.0/../../../../aarch64-none-elf/lib/pic\libg.a(lib_a-findfp.o)
                0x000000000001cb90                __sinit
 *fill*         0x000000000001cce4        0xc 
 .text._malloc_trim_r
                0x000000000001ccf0      0x118 d:/devkitpro/devkita64/bin/../lib/gcc/aarch64-none-elf/11.2.0/../../../../aarch64-none-elf/lib/pic\libg.a(lib_a-freer.o)
                0x000000000001ccf0                _malloc_trim_r
 *fill*         0x000000000001ce08        0x8 
 .text._free_r  0x000000000001ce10      0x2f0 d:/devkitpro/devkita64/bin/../lib/gcc/aarch64-none-elf/11.2.0/../../../../aarch64-none-elf/lib/pic\libg.a(lib_a-freer.o)
                0x000000000001ce10                _free_r
 .text._fwalk_reent
                0x000000000001d100       0xa4 d:/devkitpro/devkita64/bin/../lib/gcc/aarch64-none-elf/11.2.0/../../../../aarch64-none-elf/lib/pic\libg.a(lib_a-fwalk.o)
                0x000000000001d100                _fwalk_reent
 *fill*         0x000000000001d1a4        0xc 
 .text._findenv_r
                0x000000000001d1b0      0x100 d:/devkitpro/devkita64/bin/../lib/gcc/aarch64-none-elf/11.2.0/../../../../aarch64-none-elf/lib/pic\libg.a(lib_a-getenv_r.o)
                0x000000000001d1b0                _findenv_r
 .text.iswspace
                0x000000000001d2b0        0x8 d:/devkitpro/devkita64/bin/../lib/gcc/aarch64-none-elf/11.2.0/../../../../aarch64-none-elf/lib/pic\libg.a(lib_a-iswspace.o)
                0x000000000001d2b0                iswspace
 *fill*         0x000000000001d2b8        0x8 
 .text.__localeconv_l
                0x000000000001d2c0        0x8 d:/devkitpro/devkita64/bin/../lib/gcc/aarch64-none-elf/11.2.0/../../../../aarch64-none-elf/lib/pic\libg.a(lib_a-localeconv.o)
                0x000000000001d2c0                __localeconv_l
 *fill*         0x000000000001d2c8        0x8 
 .text._localeconv_r
                0x000000000001d2d0       0x28 d:/devkitpro/devkita64/bin/../lib/gcc/aarch64-none-elf/11.2.0/../../../../aarch64-none-elf/lib/pic\libg.a(lib_a-localeconv.o)
                0x000000000001d2d0                _localeconv_r
 *fill*         0x000000000001d2f8        0x8 
 .text.__locale_mb_cur_max
                0x000000000001d300       0x2c d:/devkitpro/devkita64/bin/../lib/gcc/aarch64-none-elf/11.2.0/../../../../aarch64-none-elf/lib/pic\libg.a(lib_a-locale.o)
                0x000000000001d300                __locale_mb_cur_max
 *fill*         0x000000000001d32c        0x4 
 .text.__swhatbuf_r
                0x000000000001d330       0x94 d:/devkitpro/devkita64/bin/../lib/gcc/aarch64-none-elf/11.2.0/../../../../aarch64-none-elf/lib/pic\libg.a(lib_a-makebuf.o)
                0x000000000001d330                __swhatbuf_r
 *fill*         0x000000000001d3c4        0xc 
 .text.__smakebuf_r
                0x000000000001d3d0      0x10c d:/devkitpro/devkita64/bin/../lib/gcc/aarch64-none-elf/11.2.0/../../../../aarch64-none-elf/lib/pic\libg.a(lib_a-makebuf.o)
                0x000000000001d3d0                __smakebuf_r
 *fill*         0x000000000001d4dc        0x4 
 .text._mbrtowc_r
                0x000000000001d4e0       0xf0 d:/devkitpro/devkita64/bin/../lib/gcc/aarch64-none-elf/11.2.0/../../../../aarch64-none-elf/lib/pic\libg.a(lib_a-mbrtowc.o)
                0x000000000001d4e0                _mbrtowc_r
 .text.__utf8_mbtowc
                0x000000000001d5d0      0x2c8 d:/devkitpro/devkita64/bin/../lib/gcc/aarch64-none-elf/11.2.0/../../../../aarch64-none-elf/lib/pic\libg.a(lib_a-mbtowc_r.o)
                0x000000000001d5d0                __utf8_mbtowc
 *fill*         0x000000000001d898        0x8 
 .text._Balloc  0x000000000001d8a0       0x8c d:/devkitpro/devkita64/bin/../lib/gcc/aarch64-none-elf/11.2.0/../../../../aarch64-none-elf/lib/pic\libg.a(lib_a-mprec.o)
                0x000000000001d8a0                _Balloc
 *fill*         0x000000000001d92c        0x4 
 .text._Bfree   0x000000000001d930       0x1c d:/devkitpro/devkita64/bin/../lib/gcc/aarch64-none-elf/11.2.0/../../../../aarch64-none-elf/lib/pic\libg.a(lib_a-mprec.o)
                0x000000000001d930                _Bfree
 *fill*         0x000000000001d94c        0x4 
 .text.__multadd
                0x000000000001d950      0x108 d:/devkitpro/devkita64/bin/../lib/gcc/aarch64-none-elf/11.2.0/../../../../aarch64-none-elf/lib/pic\libg.a(lib_a-mprec.o)
                0x000000000001d950                __multadd
 *fill*         0x000000000001da58        0x8 
 .text.__s2b    0x000000000001da60      0x138 d:/devkitpro/devkita64/bin/../lib/gcc/aarch64-none-elf/11.2.0/../../../../aarch64-none-elf/lib/pic\libg.a(lib_a-mprec.o)
                0x000000000001da60                __s2b
 *fill*         0x000000000001db98        0x8 
 .text.__hi0bits
                0x000000000001dba0       0x5c d:/devkitpro/devkita64/bin/../lib/gcc/aarch64-none-elf/11.2.0/../../../../aarch64-none-elf/lib/pic\libg.a(lib_a-mprec.o)
                0x000000000001dba0                __hi0bits
 *fill*         0x000000000001dbfc        0x4 
 .text.__lo0bits
                0x000000000001dc00       0x9c d:/devkitpro/devkita64/bin/../lib/gcc/aarch64-none-elf/11.2.0/../../../../aarch64-none-elf/lib/pic\libg.a(lib_a-mprec.o)
                0x000000000001dc00                __lo0bits
 *fill*         0x000000000001dc9c        0x4 
 .text.__i2b    0x000000000001dca0       0x4c d:/devkitpro/devkita64/bin/../lib/gcc/aarch64-none-elf/11.2.0/../../../../aarch64-none-elf/lib/pic\libg.a(lib_a-mprec.o)
                0x000000000001dca0                __i2b
 *fill*         0x000000000001dcec        0x4 
 .text.__multiply
                0x000000000001dcf0      0x1e8 d:/devkitpro/devkita64/bin/../lib/gcc/aarch64-none-elf/11.2.0/../../../../aarch64-none-elf/lib/pic\libg.a(lib_a-mprec.o)
                0x000000000001dcf0                __multiply
 *fill*         0x000000000001ded8        0x8 
 .text.__pow5mult
                0x000000000001dee0      0x104 d:/devkitpro/devkita64/bin/../lib/gcc/aarch64-none-elf/11.2.0/../../../../aarch64-none-elf/lib/pic\libg.a(lib_a-mprec.o)
                0x000000000001dee0                __pow5mult
 *fill*         0x000000000001dfe4        0xc 
 .text.__lshift
                0x000000000001dff0      0x178 d:/devkitpro/devkita64/bin/../lib/gcc/aarch64-none-elf/11.2.0/../../../../aarch64-none-elf/lib/pic\libg.a(lib_a-mprec.o)
                0x000000000001dff0                __lshift
 *fill*         0x000000000001e168        0x8 
 .text.__mcmp   0x000000000001e170       0x50 d:/devkitpro/devkita64/bin/../lib/gcc/aarch64-none-elf/11.2.0/../../../../aarch64-none-elf/lib/pic\libg.a(lib_a-mprec.o)
                0x000000000001e170                __mcmp
 .text.__mdiff  0x000000000001e1c0      0x1b8 d:/devkitpro/devkita64/bin/../lib/gcc/aarch64-none-elf/11.2.0/../../../../aarch64-none-elf/lib/pic\libg.a(lib_a-mprec.o)
                0x000000000001e1c0                __mdiff
 *fill*         0x000000000001e378        0x8 
 .text.__ulp    0x000000000001e380       0x84 d:/devkitpro/devkita64/bin/../lib/gcc/aarch64-none-elf/11.2.0/../../../../aarch64-none-elf/lib/pic\libg.a(lib_a-mprec.o)
                0x000000000001e380                __ulp
 *fill*         0x000000000001e404        0xc 
 .text.__b2d    0x000000000001e410      0x164 d:/devkitpro/devkita64/bin/../lib/gcc/aarch64-none-elf/11.2.0/../../../../aarch64-none-elf/lib/pic\libg.a(lib_a-mprec.o)
                0x000000000001e410                __b2d
 *fill*         0x000000000001e574        0xc 
 .text.__d2b    0x000000000001e580      0x154 d:/devkitpro/devkita64/bin/../lib/gcc/aarch64-none-elf/11.2.0/../../../../aarch64-none-elf/lib/pic\libg.a(lib_a-mprec.o)
                0x000000000001e580                __d2b
 *fill*         0x000000000001e6d4        0xc 
 .text.__ratio  0x000000000001e6e0       0xa0 d:/devkitpro/devkita64/bin/../lib/gcc/aarch64-none-elf/11.2.0/../../../../aarch64-none-elf/lib/pic\libg.a(lib_a-mprec.o)
                0x000000000001e6e0                __ratio
 .text.__copybits
                0x000000000001e780       0x68 d:/devkitpro/devkita64/bin/../lib/gcc/aarch64-none-elf/11.2.0/../../../../aarch64-none-elf/lib/pic\libg.a(lib_a-mprec.o)
                0x000000000001e780                __copybits
 *fill*         0x000000000001e7e8        0x8 
 .text.__any_on
                0x000000000001e7f0       0x6c d:/devkitpro/devkita64/bin/../lib/gcc/aarch64-none-elf/11.2.0/../../../../aarch64-none-elf/lib/pic\libg.a(lib_a-mprec.o)
                0x000000000001e7f0                __any_on
 *fill*         0x000000000001e85c        0x4 
 .text.realloc  0x000000000001e860       0x2c d:/devkitpro/devkita64/bin/../lib/gcc/aarch64-none-elf/11.2.0/../../../../aarch64-none-elf/lib/pic\libg.a(lib_a-realloc.o)
                0x000000000001e860                realloc
 *fill*         0x000000000001e88c        0x4 
 .text._realloc_r
                0x000000000001e890      0x538 d:/devkitpro/devkita64/bin/../lib/gcc/aarch64-none-elf/11.2.0/../../../../aarch64-none-elf/lib/pic\libg.a(lib_a-reallocr.o)
                0x000000000001e890                _realloc_r
 *fill*         0x000000000001edc8        0x8 
 .text.__sccl   0x000000000001edd0       0xd4 d:/devkitpro/devkita64/bin/../lib/gcc/aarch64-none-elf/11.2.0/../../../../aarch64-none-elf/lib/pic\libg.a(lib_a-sccl.o)
                0x000000000001edd0                __sccl
 *fill*         0x000000000001eea4        0xc 
 .text.nanf     0x000000000001eeb0        0xc d:/devkitpro/devkita64/bin/../lib/gcc/aarch64-none-elf/11.2.0/../../../../aarch64-none-elf/lib/pic\libg.a(lib_a-sf_nan.o)
                0x000000000001eeb0                nanf
 *fill*         0x000000000001eebc        0x4 
 .text.frexp    0x000000000001eec0       0x7c d:/devkitpro/devkita64/bin/../lib/gcc/aarch64-none-elf/11.2.0/../../../../aarch64-none-elf/lib/pic\libg.a(lib_a-s_frexp.o)
                0x000000000001eec0                frexp
 *fill*         0x000000000001ef3c        0x4 
 .text.sprintf  0x000000000001ef40       0xa8 d:/devkitpro/devkita64/bin/../lib/gcc/aarch64-none-elf/11.2.0/../../../../aarch64-none-elf/lib/pic\libg.a(lib_a-sprintf.o)
                0x000000000001ef40                sprintf
 *fill*         0x000000000001efe8        0x8 
 .text.stpncpy  0x000000000001eff0       0x98 d:/devkitpro/devkita64/bin/../lib/gcc/aarch64-none-elf/11.2.0/../../../../aarch64-none-elf/lib/pic\libg.a(lib_a-stpncpy.o)
                0x000000000001eff0                stpncpy
 *fill*         0x000000000001f088        0x8 
 .text._strtod_l
                0x000000000001f090     0x1194 d:/devkitpro/devkita64/bin/../lib/gcc/aarch64-none-elf/11.2.0/../../../../aarch64-none-elf/lib/pic\libg.a(lib_a-strtod.o)
                0x000000000001f090                _strtod_l
 *fill*         0x0000000000020224        0xc 
 .text._strtod_r
                0x0000000000020230       0x54 d:/devkitpro/devkita64/bin/../lib/gcc/aarch64-none-elf/11.2.0/../../../../aarch64-none-elf/lib/pic\libg.a(lib_a-strtod.o)
                0x0000000000020230                _strtod_r
 *fill*         0x0000000000020284        0xc 
 .text._strtoll_l.constprop.0
                0x0000000000020290      0x18c d:/devkitpro/devkita64/bin/../lib/gcc/aarch64-none-elf/11.2.0/../../../../aarch64-none-elf/lib/pic\libg.a(lib_a-strtoll.o)
 *fill*         0x000000000002041c        0x4 
 .text._strtoll_r
                0x0000000000020420       0x44 d:/devkitpro/devkita64/bin/../lib/gcc/aarch64-none-elf/11.2.0/../../../../aarch64-none-elf/lib/pic\libg.a(lib_a-strtoll.o)
                0x0000000000020420                _strtoll_r
 *fill*         0x0000000000020464        0xc 
 .text._strtol_l.part.0
                0x0000000000020470      0x18c d:/devkitpro/devkita64/bin/../lib/gcc/aarch64-none-elf/11.2.0/../../../../aarch64-none-elf/lib/pic\libg.a(lib_a-strtol.o)
 *fill*         0x00000000000205fc        0x4 